Component: ARM Compiler 5.06 update 7 (build 960) Tool: armlink [4d3601]

==============================================================================

Section Cross References

    startup_stm32h723xx.o(RESET) refers to startup_stm32h723xx.o(STACK) for __initial_sp
    startup_stm32h723xx.o(RESET) refers to startup_stm32h723xx.o(.text) for Reset_Handler
    startup_stm32h723xx.o(RESET) refers to stm32h7xx_it.o(i.NMI_Handler) for NMI_Handler
    startup_stm32h723xx.o(RESET) refers to stm32h7xx_it.o(i.HardFault_Handler) for HardFault_Handler
    startup_stm32h723xx.o(RESET) refers to stm32h7xx_it.o(i.MemManage_Handler) for MemManage_Handler
    startup_stm32h723xx.o(RESET) refers to stm32h7xx_it.o(i.BusFault_Handler) for BusFault_Handler
    startup_stm32h723xx.o(RESET) refers to stm32h7xx_it.o(i.UsageFault_Handler) for UsageFault_Handler
    startup_stm32h723xx.o(RESET) refers to port.o(.emb_text) for SVC_Handler
    startup_stm32h723xx.o(RESET) refers to stm32h7xx_it.o(i.DebugMon_Handler) for DebugMon_Handler
    startup_stm32h723xx.o(RESET) refers to cmsis_os2.o(i.SysTick_Handler) for SysTick_Handler
    startup_stm32h723xx.o(RESET) refers to stm32h7xx_it.o(i.EXTI3_IRQHandler) for EXTI3_IRQHandler
    startup_stm32h723xx.o(RESET) refers to stm32h7xx_it.o(i.EXTI4_IRQHandler) for EXTI4_IRQHandler
    startup_stm32h723xx.o(RESET) refers to stm32h7xx_it.o(i.DMA1_Stream0_IRQHandler) for DMA1_Stream0_IRQHandler
    startup_stm32h723xx.o(RESET) refers to stm32h7xx_it.o(i.DMA1_Stream1_IRQHandler) for DMA1_Stream1_IRQHandler
    startup_stm32h723xx.o(RESET) refers to stm32h7xx_it.o(i.DMA1_Stream2_IRQHandler) for DMA1_Stream2_IRQHandler
    startup_stm32h723xx.o(RESET) refers to stm32h7xx_it.o(i.DMA1_Stream3_IRQHandler) for DMA1_Stream3_IRQHandler
    startup_stm32h723xx.o(RESET) refers to stm32h7xx_it.o(i.DMA1_Stream4_IRQHandler) for DMA1_Stream4_IRQHandler
    startup_stm32h723xx.o(RESET) refers to stm32h7xx_it.o(i.DMA1_Stream5_IRQHandler) for DMA1_Stream5_IRQHandler
    startup_stm32h723xx.o(RESET) refers to stm32h7xx_it.o(i.FDCAN1_IT0_IRQHandler) for FDCAN1_IT0_IRQHandler
    startup_stm32h723xx.o(RESET) refers to stm32h7xx_it.o(i.FDCAN2_IT0_IRQHandler) for FDCAN2_IT0_IRQHandler
    startup_stm32h723xx.o(RESET) refers to stm32h7xx_it.o(i.FDCAN2_IT1_IRQHandler) for FDCAN2_IT1_IRQHandler
    startup_stm32h723xx.o(RESET) refers to stm32h7xx_it.o(i.EXTI9_5_IRQHandler) for EXTI9_5_IRQHandler
    startup_stm32h723xx.o(RESET) refers to stm32h7xx_it.o(i.TIM1_UP_IRQHandler) for TIM1_UP_IRQHandler
    startup_stm32h723xx.o(RESET) refers to stm32h7xx_it.o(i.USART2_IRQHandler) for USART2_IRQHandler
    startup_stm32h723xx.o(RESET) refers to stm32h7xx_it.o(i.USART3_IRQHandler) for USART3_IRQHandler
    startup_stm32h723xx.o(RESET) refers to stm32h7xx_it.o(i.TIM6_DAC_IRQHandler) for TIM6_DAC_IRQHandler
    startup_stm32h723xx.o(RESET) refers to stm32h7xx_it.o(i.FDCAN_CAL_IRQHandler) for FDCAN_CAL_IRQHandler
    startup_stm32h723xx.o(RESET) refers to stm32h7xx_it.o(i.UART7_IRQHandler) for UART7_IRQHandler
    startup_stm32h723xx.o(RESET) refers to stm32h7xx_it.o(i.FDCAN3_IT0_IRQHandler) for FDCAN3_IT0_IRQHandler
    startup_stm32h723xx.o(RESET) refers to stm32h7xx_it.o(i.FDCAN3_IT1_IRQHandler) for FDCAN3_IT1_IRQHandler
    startup_stm32h723xx.o(.text) refers to system_stm32h7xx.o(i.SystemInit) for SystemInit
    startup_stm32h723xx.o(.text) refers to entry.o(.ARM.Collect$$$$00000000) for __main
    main.o(i.HAL_TIM_PeriodElapsedCallback) refers to stm32h7xx_hal.o(i.HAL_IncTick) for HAL_IncTick
    main.o(i.HAL_TIM_PeriodElapsedCallback) refers to stm32h7xx_hal_iwdg.o(i.HAL_IWDG_Refresh) for HAL_IWDG_Refresh
    main.o(i.HAL_TIM_PeriodElapsedCallback) refers to dm_motor_drv.o(i.dm_motor_ctrl_send) for dm_motor_ctrl_send
    main.o(i.HAL_TIM_PeriodElapsedCallback) refers to upper_location.o(i.Reach_TGT) for Reach_TGT
    main.o(i.HAL_TIM_PeriodElapsedCallback) refers to motorctrl.o(i.get_msgn) for get_msgn
    main.o(i.HAL_TIM_PeriodElapsedCallback) refers to motorctrl.o(i.assign_output) for assign_output
    main.o(i.HAL_TIM_PeriodElapsedCallback) refers to bsp_fdcan.o(i.motor_state_update) for motor_state_update
    main.o(i.HAL_TIM_PeriodElapsedCallback) refers to motorctrl.o(i.set_reset_status) for set_reset_status
    main.o(i.HAL_TIM_PeriodElapsedCallback) refers to pid_model.o(i.PID_MODEL_step) for PID_MODEL_step
    main.o(i.HAL_TIM_PeriodElapsedCallback) refers to stm32h7xx_hal_gpio.o(i.HAL_GPIO_TogglePin) for HAL_GPIO_TogglePin
    main.o(i.HAL_TIM_PeriodElapsedCallback) refers to stm32h7xx_hal_gpio.o(i.HAL_GPIO_ReadPin) for HAL_GPIO_ReadPin
    main.o(i.HAL_TIM_PeriodElapsedCallback) refers to motorctrl.o(i.set_target) for set_target
    main.o(i.HAL_TIM_PeriodElapsedCallback) refers to stm32h7xx_hal_gpio.o(i.HAL_GPIO_DeInit) for HAL_GPIO_DeInit
    main.o(i.HAL_TIM_PeriodElapsedCallback) refers to main.o(.bss) for .bss
    main.o(i.HAL_TIM_PeriodElapsedCallback) refers to iwdg.o(.bss) for hiwdg1
[...]
    I2C2_EV_IRQHandler                       0x080003bf   Thumb Code     0  startup_stm32h723xx.o(.text)
    I2C3_ER_IRQHandler                       0x080003bf   Thumb Code     0  startup_stm32h723xx.o(.text)
    I2C3_EV_IRQHandler                       0x080003bf   Thumb Code     0  startup_stm32h723xx.o(.text)
    I2C4_ER_IRQHandler                       0x080003bf   Thumb Code     0  startup_stm32h723xx.o(.text)
    I2C4_EV_IRQHandler                       0x080003bf   Thumb Code     0  startup_stm32h723xx.o(.text)
    I2C5_ER_IRQHandler                       0x080003bf   Thumb Code     0  startup_stm32h723xx.o(.text)
    I2C5_EV_IRQHandler                       0x080003bf   Thumb Code     0  startup_stm32h723xx.o(.text)
    LPTIM1_IRQHandler                        0x080003bf   Thumb Code     0  startup_stm32h723xx.o(.text)
    LPTIM2_IRQHandler                        0x080003bf   Thumb Code     0  startup_stm32h723xx.o(.text)
    LPTIM3_IRQHandler                        0x080003bf   Thumb Code     0  startup_stm32h723xx.o(.text)
    LPTIM4_IRQHandler                        0x080003bf   Thumb Code     0  startup_stm32h723xx.o(.text)
    LPTIM5_IRQHandler                        0x080003bf   Thumb Code     0  startup_stm32h723xx.o(.text)
    LPUART1_IRQHandler                       0x080003bf   Thumb Code     0  startup_stm32h723xx.o(.text)
    LTDC_ER_IRQHandler                       0x080003bf   Thumb Code     0  startup_stm32h723xx.o(.text)
    LTDC_IRQHandler                          0x080003bf   Thumb Code     0  startup_stm32h723xx.o(.text)
    MDIOS_IRQHandler                         0x080003bf   Thumb Code     0  startup_stm32h723xx.o(.text)
    MDIOS_WKUP_IRQHandler                    0x080003bf   Thumb Code     0  startup_stm32h723xx.o(.text)
    MDMA_IRQHandler                          0x080003bf   Thumb Code     0  startup_stm32h723xx.o(.text)
    OCTOSPI1_IRQHandler                      0x080003bf   Thumb Code     0  startup_stm32h723xx.o(.text)
    OCTOSPI2_IRQHandler                      0x080003bf   Thumb Code     0  startup_stm32h723xx.o(.text)
    OTG_HS_EP1_IN_IRQHandler                 0x080003bf   Thumb Code     0  startup_stm32h723xx.o(.text)
    OTG_HS_EP1_OUT_IRQHandler                0x080003bf   Thumb Code     0  startup_stm32h723xx.o(.text)
    OTG_HS_IRQHandler                        0x080003bf   Thumb Code     0  startup_stm32h723xx.o(.text)
    OTG_HS_WKUP_IRQHandler                   0x080003bf   Thumb Code     0  startup_stm32h723xx.o(.text)
    PVD_AVD_IRQHandler                       0x080003bf   Thumb Code     0  startup_stm32h723xx.o(.text)
    RCC_IRQHandler                           0x080003bf   Thumb Code     0  startup_stm32h723xx.o(.text)
    RNG_IRQHandler                           0x080003bf   Thumb Code     0  startup_stm32h723xx.o(.text)
    RTC_Alarm_IRQHandler                     0x080003bf   Thumb Code     0  startup_stm32h723xx.o(.text)
    RTC_WKUP_IRQHandler                      0x080003bf   Thumb Code     0  startup_stm32h723xx.o(.text)
    SAI1_IRQHandler                          0x080003bf   Thumb Code     0  startup_stm32h723xx.o(.text)
    SAI4_IRQHandler                          0x080003bf   Thumb Code     0  startup_stm32h723xx.o(.text)
    SDMMC1_IRQHandler                        0x080003bf   Thumb Code     0  startup_stm32h723xx.o(.text)
    SDMMC2_IRQHandler                        0x080003bf   Thumb Code     0  startup_stm32h723xx.o(.text)
    SPDIF_RX_IRQHandler                      0x080003bf   Thumb Code     0  startup_stm32h723xx.o(.text)
    SPI1_IRQHandler                          0x080003bf   Thumb Code     0  startup_stm32h723xx.o(.text)
    SPI2_IRQHandler                          0x080003bf   Thumb Code     0  startup_stm32h723xx.o(.text)
    SPI3_IRQHandler                          0x080003bf   Thumb Code     0  startup_stm32h723xx.o(.text)
    SPI4_IRQHandler                          0x080003bf   Thumb Code     0  startup_stm32h723xx.o(.text)
    SPI5_IRQHandler                          0x080003bf   Thumb Code     0  startup_stm32h723xx.o(.text)
    SPI6_IRQHandler                          0x080003bf   Thumb Code     0  startup_stm32h723xx.o(.text)
    SWPMI1_IRQHandler                        0x080003bf   Thumb Code     0  startup_stm32h723xx.o(.text)
    TAMP_STAMP_IRQHandler                    0x080003bf   Thumb Code     0  startup_stm32h723xx.o(.text)
    TIM15_IRQHandler                         0x080003bf   Thumb Code     0  startup_stm32h723xx.o(.text)
    TIM16_IRQHandler                         0x080003bf   Thumb Code     0  startup_stm32h723xx.o(.text)
    TIM17_IRQHandler                         0x080003bf   Thumb Code     0  startup_stm32h723xx.o(.text)
    TIM1_BRK_IRQHandler                      0x080003bf   Thumb Code     0  startup_stm32h723xx.o(.text)
    TIM1_CC_IRQHandler                       0x080003bf   Thumb Code     0  startup_stm32h723xx.o(.text)
    TIM1_TRG_COM_IRQHandler                  0x080003bf   Thumb Code     0  startup_stm32h723xx.o(.text)
    TIM23_IRQHandler                         0x080003bf   Thumb Code     0  startup_stm32h723xx.o(.text)
    TIM24_IRQHandler                         0x080003bf   Thumb Code     0  startup_stm32h723xx.o(.text)
    TIM2_IRQHandler                          0x080003bf   Thumb Code     0  startup_stm32h723xx.o(.text)
    TIM3_IRQHandler                          0x080003bf   Thumb Code     0  startup_stm32h723xx.o(.text)
    TIM4_IRQHandler                          0x080003bf   Thumb Code     0  startup_stm32h723xx.o(.text)
    TIM5_IRQHandler                          0x080003bf   Thumb Code     0  startup_stm32h723xx.o(.text)
    TIM7_IRQHandler                          0x080003bf   Thumb Code     0  startup_stm32h723xx.o(.text)
    TIM8_BRK_TIM12_IRQHandler                0x080003bf   Thumb Code     0  startup_stm32h723xx.o(.text)
    TIM8_CC_IRQHandler                       0x080003bf   Thumb Code     0  startup_stm32h723xx.o(.text)
    TIM8_TRG_COM_TIM14_IRQHandler            0x080003bf   Thumb Code     0  startup_stm32h723xx.o(.text)
    TIM8_UP_TIM13_IRQHandler                 0x080003bf   Thumb Code     0  startup_stm32h723xx.o(.text)
    UART4_IRQHandler                         0x080003bf   Thumb Code     0  startup_stm32h723xx.o(.text)
    UART5_IRQHandler                         0x080003bf   Thumb Code     0  startup_stm32h723xx.o(.text)
    UART8_IRQHandler                         0x080003bf   Thumb Code     0  startup_stm32h723xx.o(.text)
    UART9_IRQHandler                         0x080003bf   Thumb Code     0  startup_stm32h723xx.o(.text)
    USART10_IRQHandler                       0x080003bf   Thumb Code     0  startup_stm32h723xx.o(.text)
    USART1_IRQHandler                        0x080003bf   Thumb Code     0  startup_stm32h723xx.o(.text)
    USART6_IRQHandler                        0x080003bf   Thumb Code     0  startup_stm32h723xx.o(.text)
    WAKEUP_PIN_IRQHandler                    0x080003bf   Thumb Code     0  startup_stm32h723xx.o(.text)
    WWDG_IRQHandler                          0x080003bf   Thumb Code     0  startup_stm32h723xx.o(.text)
    __aeabi_uldivmod                         0x080003c9   Thumb Code    98  uldiv.o(.text)
    __aeabi_memcpy                           0x0800042b   Thumb Code    36  memcpya.o(.text)
    __aeabi_memcpy4                          0x0800042b   Thumb Code     0  memcpya.o(.text)
    __aeabi_memcpy8                          0x0800042b   Thumb Code     0  memcpya.o(.text)
    __aeabi_memset                           0x0800044f   Thumb Code    14  memseta.o(.text)
    __aeabi_memset4                          0x0800044f   Thumb Code     0  memseta.o(.text)
    __aeabi_memset8                          0x0800044f   Thumb Code     0  memseta.o(.text)
    __aeabi_memclr                           0x0800045d   Thumb Code     4  memseta.o(.text)
    __aeabi_memclr4                          0x0800045d   Thumb Code     0  memseta.o(.text)
    __aeabi_memclr8                          0x0800045d   Thumb Code     0  memseta.o(.text)
    memset                                   0x08000461   Thumb Code    18  memseta.o(.text)
    __aeabi_llsl                             0x08000473   Thumb Code    30  llshl.o(.text)
    _ll_shift_l                              0x08000473   Thumb Code     0  llshl.o(.text)
    __aeabi_llsr                             0x08000491   Thumb Code    32  llushr.o(.text)
    _ll_ushift_r                             0x08000491   Thumb Code     0  llushr.o(.text)
    __ARM_scalbn                             0x080004b1   Thumb Code    46  dscalb.o(.text)
    __I$use$fp                               0x080004b1   Thumb Code     0  iusefp.o(.text)
    scalbn                                   0x080004b1   Thumb Code     0  dscalb.o(.text)
    __scatterload                            0x080004e1   Thumb Code    28  init.o(.text)
    __scatterload_rt2                        0x080004e1   Thumb Code     0  init.o(.text)
    __decompress                             0x08000505   Thumb Code     0  __dczerorl2.o(.text)
    __decompress1                            0x08000505   Thumb Code    86  __dczerorl2.o(.text)
    BusFault_Handler                         0x0800055b   Thumb Code     2  stm32h7xx_it.o(i.BusFault_Handler)
    CAN_CMD_MOTOR_DJI                        0x0800055d   Thumb Code    90  bsp_fdcan.o(i.CAN_CMD_MOTOR_DJI)
    DMA1_Stream0_IRQHandler                  0x08000645   Thumb Code     6  stm32h7xx_it.o(i.DMA1_Stream0_IRQHandler)
    DMA1_Stream1_IRQHandler                  0x08000651   Thumb Code     6  stm32h7xx_it.o(i.DMA1_Stream1_IRQHandler)
    DMA1_Stream2_IRQHandler                  0x0800065d   Thumb Code     6  stm32h7xx_it.o(i.DMA1_Stream2_IRQHandler)
    DMA1_Stream3_IRQHandler                  0x08000669   Thumb Code     6  stm32h7xx_it.o(i.DMA1_Stream3_IRQHandler)
    DMA1_Stream4_IRQHandler                  0x08000675   Thumb Code     6  stm32h7xx_it.o(i.DMA1_Stream4_IRQHandler)
    DMA1_Stream5_IRQHandler                  0x08000681   Thumb Code     6  stm32h7xx_it.o(i.DMA1_Stream5_IRQHandler)
    DebugMon_Handler                         0x080008a5   Thumb Code     2  stm32h7xx_it.o(i.DebugMon_Handler)
    EXTI3_IRQHandler                         0x080008a7   Thumb Code     6  stm32h7xx_it.o(i.EXTI3_IRQHandler)
    EXTI4_IRQHandler                         0x080008ad   Thumb Code     6  stm32h7xx_it.o(i.EXTI4_IRQHandler)
    EXTI9_5_IRQHandler                       0x080008b3   Thumb Code     6  stm32h7xx_it.o(i.EXTI9_5_IRQHandler)
    Error_Handler                            0x080008b9   Thumb Code     4  main.o(i.Error_Handler)
    FDCAN1_IT0_IRQHandler                    0x080008bd   Thumb Code     6  stm32h7xx_it.o(i.FDCAN1_IT0_IRQHandler)
    FDCAN2_IT0_IRQHandler                    0x080008c9   Thumb Code     6  stm32h7xx_it.o(i.FDCAN2_IT0_IRQHandler)
    FDCAN2_IT1_IRQHandler                    0x080008d5   Thumb Code     6  stm32h7xx_it.o(i.FDCAN2_IT1_IRQHandler)
    FDCAN3_IT0_IRQHandler                    0x080008e1   Thumb Code     6  stm32h7xx_it.o(i.FDCAN3_IT0_IRQHandler)
    FDCAN3_IT1_IRQHandler                    0x080008ed   Thumb Code     6  stm32h7xx_it.o(i.FDCAN3_IT1_IRQHandler)
    FDCAN_CAL_IRQHandler                     0x080008f9   Thumb Code    18  stm32h7xx_it.o(i.FDCAN_CAL_IRQHandler)
    HAL_DMA_Abort                            0x08000b5d   Thumb Code   836  stm32h7xx_hal_dma.o(i.HAL_DMA_Abort)
    HAL_DMA_Abort_IT                         0x08000ebd   Thumb Code   602  stm32h7xx_hal_dma.o(i.HAL_DMA_Abort_IT)
    HAL_DMA_IRQHandler                       0x08001141   Thumb Code  1756  stm32h7xx_hal_dma.o(i.HAL_DMA_IRQHandler)
    HAL_DMA_Init                             0x08001829   Thumb Code   922  stm32h7xx_hal_dma.o(i.HAL_DMA_Init)
    HAL_Delay                                0x08001be5   Thumb Code    32  stm32h7xx_hal.o(i.HAL_Delay)
    HAL_FDCAN_ActivateNotification           0x08001c09   Thumb Code   126  stm32h7xx_hal_fdcan.o(i.HAL_FDCAN_ActivateNotification)
    HAL_FDCAN_AddMessageToTxFifoQ            0x08001c91   Thumb Code   102  stm32h7xx_hal_fdcan.o(i.HAL_FDCAN_AddMessageToTxFifoQ)
    HAL_FDCAN_ClockCalibrationCallback       0x08001cf7   Thumb Code     2  stm32h7xx_hal_fdcan.o(i.HAL_FDCAN_ClockCalibrationCallback)
    HAL_FDCAN_ConfigFifoWatermark            0x08001cf9   Thumb Code    90  stm32h7xx_hal_fdcan.o(i.HAL_FDCAN_ConfigFifoWatermark)
    HAL_FDCAN_ConfigFilter                   0x08001d53   Thumb Code   126  stm32h7xx_hal_fdcan.o(i.HAL_FDCAN_ConfigFilter)
    HAL_FDCAN_ConfigGlobalFilter             0x08001dd1   Thumb Code    50  stm32h7xx_hal_fdcan.o(i.HAL_FDCAN_ConfigGlobalFilter)
    HAL_FDCAN_ErrorCallback                  0x08001e03   Thumb Code     2  stm32h7xx_hal_fdcan.o(i.HAL_FDCAN_ErrorCallback)
    HAL_FDCAN_ErrorStatusCallback            0x08001e05   Thumb Code     2  stm32h7xx_hal_fdcan.o(i.HAL_FDCAN_ErrorStatusCallback)
    HAL_FDCAN_GetRxMessage                   0x08001e09   Thumb Code   400  stm32h7xx_hal_fdcan.o(i.HAL_FDCAN_GetRxMessage)
    HAL_FDCAN_HighPriorityMessageCallback    0x08001f9d   Thumb Code     2  stm32h7xx_hal_fdcan.o(i.HAL_FDCAN_HighPriorityMessageCallback)
    HAL_FDCAN_IRQHandler                     0x08001fa1   Thumb Code   788  stm32h7xx_hal_fdcan.o(i.HAL_FDCAN_IRQHandler)
    HAL_FDCAN_Init                           0x080022c1   Thumb Code   572  stm32h7xx_hal_fdcan.o(i.HAL_FDCAN_Init)
    HAL_FDCAN_MspInit                        0x08002505   Thumb Code   426  fdcan.o(i.HAL_FDCAN_MspInit)
    HAL_FDCAN_RxBufferNewMessageCallback     0x080026d1   Thumb Code     2  stm32h7xx_hal_fdcan.o(i.HAL_FDCAN_RxBufferNewMessageCallback)
    HAL_FDCAN_RxFifo0Callback                0x080026d5   Thumb Code    36  bsp_fdcan.o(i.HAL_FDCAN_RxFifo0Callback)
    HAL_FDCAN_RxFifo1Callback                0x08002705   Thumb Code     2  stm32h7xx_hal_fdcan.o(i.HAL_FDCAN_RxFifo1Callback)
    HAL_FDCAN_Start                          0x08002707   Thumb Code    50  stm32h7xx_hal_fdcan.o(i.HAL_FDCAN_Start)
    HAL_FDCAN_TT_GlobalTimeCallback          0x08002739   Thumb Code     2  stm32h7xx_hal_fdcan.o(i.HAL_FDCAN_TT_GlobalTimeCallback)
    HAL_FDCAN_TT_ScheduleSyncCallback        0x0800273b   Thumb Code     2  stm32h7xx_hal_fdcan.o(i.HAL_FDCAN_TT_ScheduleSyncCallback)
    HAL_FDCAN_TT_StopWatchCallback           0x0800273d   Thumb Code     2  stm32h7xx_hal_fdcan.o(i.HAL_FDCAN_TT_StopWatchCallback)
    HAL_FDCAN_TT_TimeMarkCallback            0x0800273f   Thumb Code     2  stm32h7xx_hal_fdcan.o(i.HAL_FDCAN_TT_TimeMarkCallback)
    HAL_FDCAN_TimeoutOccurredCallback        0x08002741   Thumb Code     2  stm32h7xx_hal_fdcan.o(i.HAL_FDCAN_TimeoutOccurredCallback)
    HAL_FDCAN_TimestampWraparoundCallback    0x08002743   Thumb Code     2  stm32h7xx_hal_fdcan.o(i.HAL_FDCAN_TimestampWraparoundCallback)
    HAL_FDCAN_TxBufferAbortCallback          0x08002745   Thumb Code     2  stm32h7xx_hal_fdcan.o(i.HAL_FDCAN_TxBufferAbortCallback)
    HAL_FDCAN_TxBufferCompleteCallback       0x08002747   Thumb Code     2  stm32h7xx_hal_fdcan.o(i.HAL_FDCAN_TxBufferCompleteCallback)
    HAL_FDCAN_TxEventFifoCallback            0x08002749   Thumb Code     2  stm32h7xx_hal_fdcan.o(i.HAL_FDCAN_TxEventFifoCallback)
    HAL_FDCAN_TxFifoEmptyCallback            0x0800274b   Thumb Code     2  stm32h7xx_hal_fdcan.o(i.HAL_FDCAN_TxFifoEmptyCallback)
    HAL_GPIO_DeInit                          0x0800274d   Thumb Code   310  stm32h7xx_hal_gpio.o(i.HAL_GPIO_DeInit)
    HAL_GPIO_EXTI_Callback                   0x080028ad   Thumb Code    78  gpio.o(i.HAL_GPIO_EXTI_Callback)
    HAL_GPIO_EXTI_IRQHandler                 0x08002909   Thumb Code    24  stm32h7xx_hal_gpio.o(i.HAL_GPIO_EXTI_IRQHandler)
    HAL_GPIO_Init                            0x08002921   Thumb Code   496  stm32h7xx_hal_gpio.o(i.HAL_GPIO_Init)
    HAL_GPIO_ReadPin                         0x08002b3d   Thumb Code    10  stm32h7xx_hal_gpio.o(i.HAL_GPIO_ReadPin)
    HAL_GPIO_TogglePin                       0x08002b47   Thumb Code    16  stm32h7xx_hal_gpio.o(i.HAL_GPIO_TogglePin)
    HAL_GPIO_WritePin                        0x08002b57   Thumb Code    10  stm32h7xx_hal_gpio.o(i.HAL_GPIO_WritePin)
    HAL_GetTick                              0x08002b61   Thumb Code     6  stm32h7xx_hal.o(i.HAL_GetTick)
    HAL_IWDG_Init                            0x08002b6d   Thumb Code   102  stm32h7xx_hal_iwdg.o(i.HAL_IWDG_Init)
    HAL_IWDG_Refresh                         0x08002bd3   Thumb Code    12  stm32h7xx_hal_iwdg.o(i.HAL_IWDG_Refresh)
    HAL_IncTick                              0x08002be1   Thumb Code    12  stm32h7xx_hal.o(i.HAL_IncTick)
    HAL_Init                                 0x08002bf1   Thumb Code    74  stm32h7xx_hal.o(i.HAL_Init)
    HAL_InitTick                             0x08002c4d   Thumb Code   110  stm32h7xx_hal_timebase_tim.o(i.HAL_InitTick)
    HAL_MPU_ConfigRegion                     0x08002cd1   Thumb Code    86  stm32h7xx_hal_cortex.o(i.HAL_MPU_ConfigRegion)
    HAL_MPU_Disable                          0x08002d2d   Thumb Code    24  stm32h7xx_hal_cortex.o(i.HAL_MPU_Disable)
    HAL_MPU_Enable                           0x08002d49   Thumb Code    30  stm32h7xx_hal_cortex.o(i.HAL_MPU_Enable)
    HAL_MspInit                              0x08002d6d   Thumb Code    32  stm32h7xx_hal_msp.o(i.HAL_MspInit)
    HAL_NVIC_EnableIRQ                       0x08002d91   Thumb Code    26  stm32h7xx_hal_cortex.o(i.HAL_NVIC_EnableIRQ)
    HAL_NVIC_SetPriority                     0x08002dad   Thumb Code    60  stm32h7xx_hal_cortex.o(i.HAL_NVIC_SetPriority)
    HAL_NVIC_SetPriorityGrouping             0x08002ded   Thumb Code    28  stm32h7xx_hal_cortex.o(i.HAL_NVIC_SetPriorityGrouping)
    HAL_PWREx_ConfigSupply                   0x08002e11   Thumb Code    78  stm32h7xx_hal_pwr_ex.o(i.HAL_PWREx_ConfigSupply)
    HAL_RCCEx_GetD3PCLK1Freq                 0x08002e65   Thumb Code    26  stm32h7xx_hal_rcc_ex.o(i.HAL_RCCEx_GetD3PCLK1Freq)
    HAL_RCCEx_GetPLL2ClockFreq               0x08002e89   Thumb Code   296  stm32h7xx_hal_rcc_ex.o(i.HAL_RCCEx_GetPLL2ClockFreq)
    HAL_RCCEx_GetPLL3ClockFreq               0x08002fcd   Thumb Code   296  stm32h7xx_hal_rcc_ex.o(i.HAL_RCCEx_GetPLL3ClockFreq)
    HAL_RCCEx_PeriphCLKConfig                0x08003111   Thumb Code  2362  stm32h7xx_hal_rcc_ex.o(i.HAL_RCCEx_PeriphCLKConfig)
    HAL_RCC_ClockConfig                      0x08003a4d   Thumb Code   580  stm32h7xx_hal_rcc.o(i.HAL_RCC_ClockConfig)
    HAL_RCC_GetClockConfig                   0x08003ca9   Thumb Code    84  stm32h7xx_hal_rcc.o(i.HAL_RCC_GetClockConfig)
    HAL_RCC_GetHCLKFreq                      0x08003d05   Thumb Code    52  stm32h7xx_hal_rcc.o(i.HAL_RCC_GetHCLKFreq)
    HAL_RCC_GetPCLK1Freq                     0x08003d49   Thumb Code    26  stm32h7xx_hal_rcc.o(i.HAL_RCC_GetPCLK1Freq)
    HAL_RCC_GetPCLK2Freq                     0x08003d6d   Thumb Code    26  stm32h7xx_hal_rcc.o(i.HAL_RCC_GetPCLK2Freq)
    HAL_RCC_GetSysClockFreq                  0x08003d91   Thumb Code   278  stm32h7xx_hal_rcc.o(i.HAL_RCC_GetSysClockFreq)
    HAL_RCC_OscConfig                        0x08003ec9   Thumb Code  1318  stm32h7xx_hal_rcc.o(i.HAL_RCC_OscConfig)
    HAL_TIMEx_Break2Callback                 0x080043ef   Thumb Code     2  stm32h7xx_hal_tim_ex.o(i.HAL_TIMEx_Break2Callback)
    HAL_TIMEx_BreakCallback                  0x080043f1   Thumb Code     2  stm32h7xx_hal_tim_ex.o(i.HAL_TIMEx_BreakCallback)
    HAL_TIMEx_CommutCallback                 0x080043f3   Thumb Code     2  stm32h7xx_hal_tim_ex.o(i.HAL_TIMEx_CommutCallback)
    HAL_TIMEx_MasterConfigSynchronization    0x080043f5   Thumb Code   146  stm32h7xx_hal_tim_ex.o(i.HAL_TIMEx_MasterConfigSynchronization)
    HAL_TIM_Base_Init                        0x080044ad   Thumb Code    98  stm32h7xx_hal_tim.o(i.HAL_TIM_Base_Init)
    HAL_TIM_Base_MspInit                     0x08004511   Thumb Code    50  tim.o(i.HAL_TIM_Base_MspInit)
    HAL_TIM_Base_Start_IT                    0x0800454d   Thumb Code   118  stm32h7xx_hal_tim.o(i.HAL_TIM_Base_Start_IT)
    HAL_TIM_IC_CaptureCallback               0x080045ed   Thumb Code     2  stm32h7xx_hal_tim.o(i.HAL_TIM_IC_CaptureCallback)
    HAL_TIM_IRQHandler                       0x080045ef   Thumb Code   386  stm32h7xx_hal_tim.o(i.HAL_TIM_IRQHandler)
    HAL_TIM_OC_DelayElapsedCallback          0x08004771   Thumb Code     2  stm32h7xx_hal_tim.o(i.HAL_TIM_OC_DelayElapsedCallback)
    HAL_TIM_PWM_PulseFinishedCallback        0x08004773   Thumb Code     2  stm32h7xx_hal_tim.o(i.HAL_TIM_PWM_PulseFinishedCallback)
    HAL_TIM_PeriodElapsedCallback            0x08004775   Thumb Code   352  main.o(i.HAL_TIM_PeriodElapsedCallback)
    HAL_TIM_TriggerCallback                  0x08004909   Thumb Code     2  stm32h7xx_hal_tim.o(i.HAL_TIM_TriggerCallback)
    HAL_UARTEx_DisableFifoMode               0x0800490b   Thumb Code    64  stm32h7xx_hal_uart_ex.o(i.HAL_UARTEx_DisableFifoMode)
    HAL_UARTEx_RxEventCallback               0x0800494b   Thumb Code     2  stm32h7xx_hal_uart.o(i.HAL_UARTEx_RxEventCallback)
    HAL_UARTEx_RxFifoFullCallback            0x0800494d   Thumb Code     2  stm32h7xx_hal_uart_ex.o(i.HAL_UARTEx_RxFifoFullCallback)
    HAL_UARTEx_SetRxFifoThreshold            0x0800494f   Thumb Code    76  stm32h7xx_hal_uart_ex.o(i.HAL_UARTEx_SetRxFifoThreshold)
    HAL_UARTEx_SetTxFifoThreshold            0x0800499b   Thumb Code    76  stm32h7xx_hal_uart_ex.o(i.HAL_UARTEx_SetTxFifoThreshold)
    HAL_UARTEx_TxFifoEmptyCallback           0x080049e7   Thumb Code     2  stm32h7xx_hal_uart_ex.o(i.HAL_UARTEx_TxFifoEmptyCallback)
    HAL_UARTEx_WakeupCallback                0x080049e9   Thumb Code     2  stm32h7xx_hal_uart_ex.o(i.HAL_UARTEx_WakeupCallback)
    HAL_UART_ErrorCallback                   0x080049ed   Thumb Code    48  main.o(i.HAL_UART_ErrorCallback)
    HAL_UART_IRQHandler                      0x08004a31   Thumb Code   878  stm32h7xx_hal_uart.o(i.HAL_UART_IRQHandler)
    HAL_UART_Init                            0x08004db9   Thumb Code   106  stm32h7xx_hal_uart.o(i.HAL_UART_Init)
    HAL_UART_MspInit                         0x08004e25   Thumb Code   676  usart.o(i.HAL_UART_MspInit)
    HAL_UART_Receive_IT                      0x080050f1   Thumb Code    66  stm32h7xx_hal_uart.o(i.HAL_UART_Receive_IT)
    HAL_UART_RxCpltCallback                  0x08005139   Thumb Code   170  main.o(i.HAL_UART_RxCpltCallback)
    HAL_UART_TxCpltCallback                  0x08005205   Thumb Code     2  stm32h7xx_hal_uart.o(i.HAL_UART_TxCpltCallback)
    HardFault_Handler                        0x08005207   Thumb Code     2  stm32h7xx_it.o(i.HardFault_Handler)
    MX_DMA_Init                              0x08005209   Thumb Code   120  dma.o(i.MX_DMA_Init)
    MX_FDCAN1_Init                           0x08005285   Thumb Code   100  fdcan.o(i.MX_FDCAN1_Init)
    MX_FDCAN2_Init                           0x080052f1   Thumb Code   106  fdcan.o(i.MX_FDCAN2_Init)
    MX_FDCAN3_Init                           0x08005365   Thumb Code   106  fdcan.o(i.MX_FDCAN3_Init)
    MX_FREERTOS_Init                         0x080053d9   Thumb Code    32  freertos.o(i.MX_FREERTOS_Init)
    MX_GPIO_Init                             0x08005409   Thumb Code   248  gpio.o(i.MX_GPIO_Init)
    MX_IWDG1_Init                            0x08005511   Thumb Code    36  iwdg.o(i.MX_IWDG1_Init)
    MX_TIM6_Init                             0x0800553d   Thumb Code    62  tim.o(i.MX_TIM6_Init)
    MX_UART7_Init                            0x08005585   Thumb Code    92  usart.o(i.MX_UART7_Init)
    MX_USART2_UART_Init                      0x080055ed   Thumb Code    94  usart.o(i.MX_USART2_UART_Init)
    MX_USART3_UART_Init                      0x08005655   Thumb Code    94  usart.o(i.MX_USART3_UART_Init)
    MemManage_Handler                        0x080056bd   Thumb Code     2  stm32h7xx_it.o(i.MemManage_Handler)
    NMI_Handler                              0x080056bf   Thumb Code     2  stm32h7xx_it.o(i.NMI_Handler)
    PID_Angle_A_Para_Init                    0x080056c1   Thumb Code   370  motorctrl.o(i.PID_Angle_A_Para_Init)
    PID_Angle_S_Para_Init                    0x08005839   Thumb Code   370  motorctrl.o(i.PID_Angle_S_Para_Init)
    PID_MODEL_initialize                     0x080059b1   Thumb Code   450  pid_model.o(i.PID_MODEL_initialize)
    PID_MODEL_step                           0x08005b7d   Thumb Code 18276  pid_model.o(i.PID_MODEL_step)
    PID_Speed_Para_Init                      0x0800a2e9   Thumb Code   370  motorctrl.o(i.PID_Speed_Para_Init)
    Reach_TGT                                0x0800a6a1   Thumb Code   572  upper_location.o(i.Reach_TGT)
    Receive                                  0x0800a915   Thumb Code    74  upper_location.o(i.Receive)
    Set_6020_Mode                            0x0800a96d   Thumb Code     6  bsp_fdcan.o(i.Set_6020_Mode)
    StartRunBallTask                         0x0800a979   Thumb Code    24  freertos.o(i.StartRunBallTask)
    SysTick_Handler                          0x0800a991   Thumb Code    26  cmsis_os2.o(i.SysTick_Handler)
    SystemClock_Config                       0x0800a9ad   Thumb Code   150  main.o(i.SystemClock_Config)
    SystemInit                               0x0800aa49   Thumb Code   158  system_stm32h7xx.o(i.SystemInit)
    TIM1_UP_IRQHandler                       0x0800ab09   Thumb Code     6  stm32h7xx_it.o(i.TIM1_UP_IRQHandler)
    TIM6_DAC_IRQHandler                      0x0800ab15   Thumb Code     6  stm32h7xx_it.o(i.TIM6_DAC_IRQHandler)
    TIM_Base_SetConfig                       0x0800ab21   Thumb Code   174  stm32h7xx_hal_tim.o(i.TIM_Base_SetConfig)
    UART7_IRQHandler                         0x0800abf9   Thumb Code     6  stm32h7xx_it.o(i.UART7_IRQHandler)
    UART_AdvFeatureConfig                    0x0800ac49   Thumb Code   200  stm32h7xx_hal_uart.o(i.UART_AdvFeatureConfig)
    UART_CheckIdleState                      0x0800ad11   Thumb Code   170  stm32h7xx_hal_uart.o(i.UART_CheckIdleState)
    UART_SetConfig                           0x0800b2f5   Thumb Code   914  stm32h7xx_hal_uart.o(i.UART_SetConfig)
    UART_Start_Receive_IT                    0x0800b6d1   Thumb Code   256  stm32h7xx_hal_uart.o(i.UART_Start_Receive_IT)
    UART_WaitOnFlagUntilTimeout              0x0800b7e1   Thumb Code   140  stm32h7xx_hal_uart.o(i.UART_WaitOnFlagUntilTimeout)
    USART2_IRQHandler                        0x0800b86d   Thumb Code     6  stm32h7xx_it.o(i.USART2_IRQHandler)
    USART3_IRQHandler                        0x0800b879   Thumb Code     6  stm32h7xx_it.o(i.USART3_IRQHandler)
    UsageFault_Handler                       0x0800b885   Thumb Code     2  stm32h7xx_it.o(i.UsageFault_Handler)
    __ARM_fpclassify                         0x0800b887   Thumb Code    48  fpclassify.o(i.__ARM_fpclassify)
    __hardfp_atan                            0x0800b8d9   Thumb Code   402  atan.o(i.__hardfp_atan)
    __hardfp_atan2                           0x0800bad9   Thumb Code   392  atan2.o(i.__hardfp_atan2)
    __hardfp_cos                             0x0800bca1   Thumb Code   158  cos.o(i.__hardfp_cos)
    __hardfp_pow                             0x0800bd51   Thumb Code  2140  pow.o(i.__hardfp_pow)
    __hardfp_sin                             0x0800c649   Thumb Code   158  sin.o(i.__hardfp_sin)
    __hardfp_sqrt                            0x0800c6f9   Thumb Code   102  sqrt.o(i.__hardfp_sqrt)
    __ieee754_rem_pio2                       0x0800c761   Thumb Code   646  rred.o(i.__ieee754_rem_pio2)
    __kernel_cos                             0x0800ca71   Thumb Code   182  cos_i.o(i.__kernel_cos)
    __kernel_poly                            0x0800cb51   Thumb Code   112  poly.o(i.__kernel_poly)
    __kernel_sin                             0x0800cbc1   Thumb Code   144  sin_i.o(i.__kernel_sin)
    __mathlib_dbl_divzero                    0x0800cc69   Thumb Code    14  dunder.o(i.__mathlib_dbl_divzero)
    __mathlib_dbl_infnan                     0x0800cc89   Thumb Code     6  dunder.o(i.__mathlib_dbl_infnan)
    __mathlib_dbl_infnan2                    0x0800cc8f   Thumb Code     6  dunder.o(i.__mathlib_dbl_infnan2)
    __mathlib_dbl_invalid                    0x0800cc99   Thumb Code    10  dunder.o(i.__mathlib_dbl_invalid)
    __mathlib_dbl_overflow                   0x0800ccb1   Thumb Code    10  dunder.o(i.__mathlib_dbl_overflow)
    __mathlib_dbl_underflow                  0x0800ccc9   Thumb Code    10  dunder.o(i.__mathlib_dbl_underflow)
    __scatterload_copy                       0x0800cce1   Thumb Code    14  handlers.o(i.__scatterload_copy)
    __scatterload_null                       0x0800ccef   Thumb Code     2  handlers.o(i.__scatterload_null)
    __scatterload_zeroinit                   0x0800ccf1   Thumb Code    14  handlers.o(i.__scatterload_zeroinit)
    __set_errno                              0x0800cd01   Thumb Code     6  errno.o(i.__set_errno)
    assign_output                            0x0800cd0d   Thumb Code   904  motorctrl.o(i.assign_output)
    atan                                     0x0800d0ad   Thumb Code    16  atan.o(i.atan)
    bsp_can_init                             0x0800d0bd   Thumb Code    58  bsp_fdcan.o(i.bsp_can_init)
    cala_d                                   0x0800d105   Thumb Code   372  motorctrl.o(i.cala_d)
    can_filter_init                          0x0800d295   Thumb Code   122  bsp_fdcan.o(i.can_filter_init)
    chassis_control                          0x0800d31d   Thumb Code   202  upper_location.o(i.chassis_control)
    circle_cc                                0x0800d3f9   Thumb Code    38  dm_motor_ctrl.o(i.circle_cc)
    ctrlmotor                                0x0800d421   Thumb Code  1882  motorctrl.o(i.ctrlmotor)
    dm_motor_ctrl_send                       0x0800db91   Thumb Code    90  dm_motor_drv.o(i.dm_motor_ctrl_send)
    dm_motor_enable                          0x0800dbed   Thumb Code    56  dm_motor_drv.o(i.dm_motor_enable)
    dm_motor_fbdata                          0x0800dc25   Thumb Code   142  dm_motor_drv.o(i.dm_motor_fbdata)
    dm_motor_init                            0x0800dcb5   Thumb Code   222  dm_motor_ctrl.o(i.dm_motor_init)
    enable_motor_mode                        0x0800ddb1   Thumb Code    52  dm_motor_drv.o(i.enable_motor_mode)
    fabs                                     0x0800dde5   Thumb Code    24  fabs.o(i.fabs)
    fdcan1_rx_callback                       0x0800ddfd   Thumb Code   176  dm_motor_ctrl.o(i.fdcan1_rx_callback)
    fdcan2_rx_callback                       0x0800dec5   Thumb Code   176  dm_motor_ctrl.o(i.fdcan2_rx_callback)
    fdcan3_rx_callback                       0x0800df8d   Thumb Code   176  dm_motor_ctrl.o(i.fdcan3_rx_callback)
    fdcanx_receive                           0x0800e055   Thumb Code    98  bsp_fdcan.o(i.fdcanx_receive)
    fdcanx_send_data                         0x0800e0b9   Thumb Code   124  bsp_fdcan.o(i.fdcanx_send_data)
    float_to_uint                            0x0800e139   Thumb Code    40  dm_motor_drv.o(i.float_to_uint)
    get_msgn                                 0x0800e161   Thumb Code  1290  motorctrl.o(i.get_msgn)
    main                                     0x0800e66d   Thumb Code   916  main.o(i.main)
    mit_ctrl                                 0x0800ea49   Thumb Code   192  dm_motor_drv.o(i.mit_ctrl)
    motor_state_update                       0x0800eb11   Thumb Code   106  bsp_fdcan.o(i.motor_state_update)
    osDelay                                  0x0800eb81   Thumb Code    28  cmsis_os2.o(i.osDelay)
    osKernelInitialize                       0x0800eb9d   Thumb Code    32  cmsis_os2.o(i.osKernelInitialize)
    osKernelStart                            0x0800ebc1   Thumb Code    48  cmsis_os2.o(i.osKernelStart)
    osThreadNew                              0x0800ebf9   Thumb Code   144  cmsis_os2.o(i.osThreadNew)
    pos_ctrl                                 0x0800ec89   Thumb Code    76  dm_motor_drv.o(i.pos_ctrl)
    psi_ctrl                                 0x0800f46b   Thumb Code   108  dm_motor_drv.o(i.psi_ctrl)
    pvPortMalloc                             0x0800f4d9   Thumb Code   216  heap_4.o(i.pvPortMalloc)
    pxPortInitialiseStack                    0x0800f5b5   Thumb Code    42  port.o(i.pxPortInitialiseStack)
    receive_motor_data                       0x0800f5e5   Thumb Code   478  dm_motor_ctrl.o(i.receive_motor_data)
    runball_Control                          0x0800f7c5   Thumb Code   114  runball.o(i.runball_Control)
    runball_Getkey                           0x0800f841   Thumb Code    24  runball.o(i.runball_Getkey)
    runball_Init                             0x0800f861   Thumb Code    28  runball.o(i.runball_Init)
    runball_ready                            0x0800f881   Thumb Code    46  runball.o(i.runball_ready)
    set_mode                                 0x0800f8b5   Thumb Code   264  motorctrl.o(i.set_mode)
    set_reset_status                         0x0800f9c1   Thumb Code  1574  motorctrl.o(i.set_reset_status)
    set_target                               0x0800ffed   Thumb Code   536  motorctrl.o(i.set_target)
    spd_ctrl                                 0x08010215   Thumb Code    44  dm_motor_drv.o(i.spd_ctrl)
    sqrt                                     0x08010241   Thumb Code   106  sqrt.o(i.sqrt)
    start_chassis_task                       0x080102ab   Thumb Code    12  freertos.o(i.start_chassis_task)
    uint_to_float                            0x080102b7   Thumb Code    40  dm_motor_drv.o(i.uint_to_float)
    update_remotedata                        0x080102e1   Thumb Code   118  data.o(i.update_remotedata)
    uxListRemove                             0x0801035d   Thumb Code    38  list.o(i.uxListRemove)
    vApplicationGetIdleTaskMemory            0x08010385   Thumb Code    18  cmsis_os2.o(i.vApplicationGetIdleTaskMemory)
    vApplicationGetTimerTaskMemory           0x0801039d   Thumb Code    20  cmsis_os2.o(i.vApplicationGetTimerTaskMemory)
    vListInitialise                          0x080103b5   Thumb Code    22  list.o(i.vListInitialise)
    vListInitialiseItem                      0x080103cb   Thumb Code     6  list.o(i.vListInitialiseItem)
    vListInsert                              0x080103d1   Thumb Code    48  list.o(i.vListInsert)
    vListInsertEnd                           0x08010401   Thumb Code    24  list.o(i.vListInsertEnd)
    vPortEnterCritical                       0x08010419   Thumb Code    54  port.o(i.vPortEnterCritical)
    vPortExitCritical                        0x08010459   Thumb Code    34  port.o(i.vPortExitCritical)
    vPortFree                                0x08010481   Thumb Code    94  heap_4.o(i.vPortFree)
    vPortSetupTimerInterrupt                 0x080104e5   Thumb Code    32  port.o(i.vPortSetupTimerInterrupt)
    vPortValidateInterruptPriority           0x08010509   Thumb Code    74  port.o(i.vPortValidateInterruptPriority)
    vQueueAddToRegistry                      0x0801055d   Thumb Code    34  queue.o(i.vQueueAddToRegistry)
    vQueueWaitForMessageRestricted           0x08010585   Thumb Code    68  queue.o(i.vQueueWaitForMessageRestricted)
    vTaskDelay                               0x080105c9   Thumb Code    66  tasks.o(i.vTaskDelay)
    vTaskInternalSetTimeOutState             0x08010615   Thumb Code    12  tasks.o(i.vTaskInternalSetTimeOutState)
    vTaskMissedYield                         0x08010625   Thumb Code     8  tasks.o(i.vTaskMissedYield)
    vTaskPlaceOnEventList                    0x08010631   Thumb Code    44  tasks.o(i.vTaskPlaceOnEventList)
    vTaskPlaceOnEventListRestricted          0x08010661   Thumb Code    52  tasks.o(i.vTaskPlaceOnEventListRestricted)
    vTaskStartScheduler                      0x08010699   Thumb Code   118  tasks.o(i.vTaskStartScheduler)
    vTaskSuspendAll                          0x08010721   Thumb Code    10  tasks.o(i.vTaskSuspendAll)
    vTaskSwitchContext                       0x08010731   Thumb Code    90  tasks.o(i.vTaskSwitchContext)
    xPortStartScheduler                      0x08010795   Thumb Code   222  port.o(i.xPortStartScheduler)
    xPortSysTickHandler                      0x08010889   Thumb Code    38  port.o(i.xPortSysTickHandler)
    xQueueGenericCreateStatic                0x080108b5   Thumb Code   102  queue.o(i.xQueueGenericCreateStatic)
    xQueueGenericReset                       0x0801091d   Thumb Code   144  queue.o(i.xQueueGenericReset)
    xQueueGenericSend                        0x080109b1   Thumb Code   346  queue.o(i.xQueueGenericSend)
    xQueueGenericSendFromISR                 0x08010b11   Thumb Code   190  queue.o(i.xQueueGenericSendFromISR)
    xQueueReceive                            0x08010bd1   Thumb Code   310  queue.o(i.xQueueReceive)
    xTaskCheckForTimeOut                     0x08010d0d   Thumb Code   116  tasks.o(i.xTaskCheckForTimeOut)
    xTaskCreate                              0x08010d85   Thumb Code    90  tasks.o(i.xTaskCreate)
    xTaskCreateStatic                        0x08010ddf   Thumb Code    86  tasks.o(i.xTaskCreateStatic)
    xTaskGetSchedulerState                   0x08010e35   Thumb Code    22  tasks.o(i.xTaskGetSchedulerState)
    xTaskGetTickCount                        0x08010e51   Thumb Code     6  tasks.o(i.xTaskGetTickCount)
    xTaskIncrementTick                       0x08010e5d   Thumb Code   192  tasks.o(i.xTaskIncrementTick)
    xTaskPriorityDisinherit                  0x08010f25   Thumb Code   116  tasks.o(i.xTaskPriorityDisinherit)
    xTaskRemoveFromEventList                 0x08010fa1   Thumb Code   100  tasks.o(i.xTaskRemoveFromEventList)
    xTaskResumeAll                           0x08011011   Thumb Code   184  tasks.o(i.xTaskResumeAll)
    xTimerCreateTimerTask                    0x080110d5   Thumb Code    78  timers.o(i.xTimerCreateTimerTask)
    xTimerGenericCommand                     0x08011135   Thumb Code    98  timers.o(i.xTimerGenericCommand)
    chassis_task_attributes                  0x0801119c   Data          36  freertos.o(.constdata)
    RunBallTask_attributes                   0x080111c0   Data          36  freertos.o(.constdata)
    UARTPrescTable                           0x08011248   Data          24  stm32h7xx_hal_uart.o(.constdata)
    D1CorePrescTable                         0x08011270   Data          16  system_stm32h7xx.o(.constdata)
    __mathlib_zero                           0x080113d0   Data           8  qnan.o(.constdata)
    Region$$Table$$Base                      0x080114e4   Number         0  anon$$obj.o(Region$$Table)
    Region$$Table$$Limit                     0x08011504   Number         0  anon$$obj.o(Region$$Table)
    uart_index                               0x24000000   Data           2  main.o(.data)
    watch                                    0x24000004   Data           4  main.o(.data)
    chassis_taskHandle                       0x24000008   Data           4  freertos.o(.data)
    RunBallTaskHandle                        0x2400000c   Data           4  freertos.o(.data)
    uwTickFreq                               0x24000014   Data           1  stm32h7xx_hal.o(.data)
    uwTickPrio                               0x24000018   Data           4  stm32h7xx_hal.o(.data)
    uwTick                                   0x2400001c   Data           4  stm32h7xx_hal.o(.data)
    SystemCoreClock                          0x24000020   Data           4  system_stm32h7xx.o(.data)
    SystemD2Clock                            0x24000024   Data           4  system_stm32h7xx.o(.data)
    mode_6020                                0x24000028   Data           1  bsp_fdcan.o(.data)
    mult                                     0x24000038   Data           8  motorctrl.o(.data)
    Vel_Deadband                             0x24000040   Data          12  motorctrl.o(.data)
    rtP                                      0x2400004c   Data        1036  pid_model_data.o(.data)
    deadband                                 0x24000458   Data           8  upper_location.o(.data)
    TC                                       0x24000460   Data           8  upper_location.o(.data)
    PID                                      0x24000468   Data          48  upper_location.o(.data)
    key_sta                                  0x24000498   Data           1  runball.o(.data)
    runball_flag                             0x24000499   Data           1  runball.o(.data)
    delaycnt                                 0x2400049c   Data           4  runball.o(.data)
    ReadyAngle                               0x240004a0   Data           4  runball.o(.data)
    FinishAngle                              0x240004a4   Data           4  runball.o(.data)
    RealDelays                               0x240004a8   Data          12  runball.o(.data)
    pxCurrentTCB                             0x240004b4   Data           4  tasks.o(.data)
    HelmInit                                 0x24000538   Data          40  main.o(.bss)
    KEY_STA                                  0x24000560   Data          10  main.o(.bss)
    INIT_FINISH                              0x2400056a   Data          10  main.o(.bss)
    KEY_CNT                                  0x24000574   Data          40  main.o(.bss)
    active_can                               0x2400059c   Data          10  main.o(.bss)
    buffer                                   0x240005a6   Data         100  main.o(.bss)
    UART2_TX_BUF                             0x2400060a   Data         100  main.o(.bss)
    UART3_RX_BUF                             0x2400066e   Data         100  main.o(.bss)
    UART2_RX_BUF                             0x240006d2   Data         100  main.o(.bss)
    cnt                                      0x24000738   Data          40  main.o(.bss)
    hfdcan1                                  0x24000760   Data         160  fdcan.o(.bss)
    hfdcan2                                  0x24000800   Data         160  fdcan.o(.bss)
    hfdcan3                                  0x240008a0   Data         160  fdcan.o(.bss)
    hiwdg1                                   0x24000940   Data          16  iwdg.o(.bss)
    htim6                                    0x24000950   Data          76  tim.o(.bss)
    huart7                                   0x2400099c   Data         148  usart.o(.bss)
    huart2                                   0x24000a30   Data         148  usart.o(.bss)
    huart3                                   0x24000ac4   Data         148  usart.o(.bss)
    hdma_uart7_rx                            0x24000b58   Data         120  usart.o(.bss)
    hdma_uart7_tx                            0x24000bd0   Data         120  usart.o(.bss)
    hdma_usart2_rx                           0x24000c48   Data         120  usart.o(.bss)
    hdma_usart2_tx                           0x24000cc0   Data         120  usart.o(.bss)
    hdma_usart3_rx                           0x24000d38   Data         120  usart.o(.bss)
    hdma_usart3_tx                           0x24000db0   Data         120  usart.o(.bss)
    htim1                                    0x24000e28   Data          76  stm32h7xx_hal_timebase_tim.o(.bss)
    can_message                              0x24000e74   Data          36  bsp_fdcan.o(.bss)
    pTxHeader                                0x24000e98   Data          36  bsp_fdcan.o(.bss)
    can1_motor                               0x24000ebc   Data         128  bsp_fdcan.o(.bss)
    can2_motor                               0x24000f3c   Data         128  bsp_fdcan.o(.bss)
    can3_motor                               0x24000fbc   Data         128  bsp_fdcan.o(.bss)
    motor_data_can1                          0x2400103c   Data          32  bsp_fdcan.o(.bss)
    motor_data_can2                          0x2400105c   Data          32  bsp_fdcan.o(.bss)
    motor_data_can3                          0x2400107c   Data          32  bsp_fdcan.o(.bss)
    motor                                    0x2400109c   Data        2720  dm_motor_ctrl.o(.bss)
    tor_output                               0x24001b40   Data         192  motorctrl.o(.bss)
    MotorSignal                              0x24001c00   Data         240  motorctrl.o(.bss)
    rtDW                                     0x24001cf0   Data         736  pid_model.o(.bss)
    rtU                                      0x24001fd0   Data         604  pid_model.o(.bss)
    rtY                                      0x2400222c   Data         260  pid_model.o(.bss)
    vehicle_test                             0x24002330   Data          32  upper_location.o(.bss)
    RC                                       0x24002350   Data          36  upper_location.o(.bss)
    data                                     0x24002374   Data          16  data.o(.bss)
    xQueueRegistry                           0x24002384   Data          64  queue.o(.bss)
    __initial_sp                             0x24007058   Data           0  startup_stm32h723xx.o(STACK)



==============================================================================

Memory Map of the image

  Image Entry point : 0x080002cd

  Load Region LR_IROM1 (Base: 0x08000000, Size: 0x00011a3c, Max: 0x00100000, ABSOLUTE, COMPRESSED[0x0001155c])

    Execution Region ER_IROM1 (Exec base: 0x08000000, Load base: 0x08000000, Size: 0x00011504, Max: 0x00100000, ABSOLUTE)

    Exec Addr    Load Addr    Size         Type   Attr      Idx    E Section Name        Object

    0x08000000   0x08000000   0x000002cc   Data   RO            3    RESET               startup_stm32h723xx.o
    0x080002cc   0x080002cc   0x00000000   Code   RO         7976  * .ARM.Collect$$$$00000000  mc_w.l(entry.o)
    0x080002cc   0x080002cc   0x00000004   Code   RO         8042    .ARM.Collect$$$$00000001  mc_w.l(entry2.o)
    0x080002d0   0x080002d0   0x00000004   Code   RO         8045    .ARM.Collect$$$$00000004  mc_w.l(entry5.o)
    0x080002d4   0x080002d4   0x00000000   Code   RO         8047    .ARM.Collect$$$$00000008  mc_w.l(entry7b.o)
    0x080002d4   0x080002d4   0x00000000   Code   RO         8049    .ARM.Collect$$$$0000000A  mc_w.l(entry8b.o)
    0x080002d4   0x080002d4   0x00000008   Code   RO         8050    .ARM.Collect$$$$0000000B  mc_w.l(entry9a.o)
    0x080002dc   0x080002dc   0x00000004   Code   RO         8057    .ARM.Collect$$$$0000000E  mc_w.l(entry12b.o)
    0x080002e0   0x080002e0   0x00000000   Code   RO         8052    .ARM.Collect$$$$0000000F  mc_w.l(entry10a.o)
    0x080002e0   0x080002e0   0x00000000   Code   RO         8054    .ARM.Collect$$$$00000011  mc_w.l(entry11a.o)
    0x080002e0   0x080002e0   0x00000004   Code   RO         8043    .ARM.Collect$$$$00002712  mc_w.l(entry2.o)
    0x080002e4   0x080002e4   0x000000be   Code   RO         7837    .emb_text           port.o
    0x080003a2   0x080003a2   0x00000002   PAD
    0x080003a4   0x080003a4   0x00000024   Code   RO            4    .text               startup_stm32h723xx.o
    0x080003c8   0x080003c8   0x00000062   Code   RO         7979    .text               mc_w.l(uldiv.o)
    0x0800042a   0x0800042a   0x00000024   Code   RO         7981    .text               mc_w.l(memcpya.o)
    0x0800044e   0x0800044e   0x00000024   Code   RO         7985    .text               mc_w.l(memseta.o)
    0x08000472   0x08000472   0x0000001e   Code   RO         8058    .text               mc_w.l(llshl.o)
    0x08000490   0x08000490   0x00000020   Code   RO         8060    .text               mc_w.l(llushr.o)
    0x080004b0   0x080004b0   0x00000000   Code   RO         8069    .text               mc_w.l(iusefp.o)
    0x080004b0   0x080004b0   0x0000002e   Code   RO         8070    .text               mf_w.l(dscalb.o)
    0x080004de   0x080004de   0x00000002   PAD
    0x080004e0   0x080004e0   0x00000024   Code   RO         8072    .text               mc_w.l(init.o)
    0x08000504   0x08000504   0x00000056   Code   RO         8082    .text               mc_w.l(__dczerorl2.o)
    0x0800055a   0x0800055a   0x00000002   Code   RO          589    i.BusFault_Handler  stm32h7xx_it.o
    0x0800055c   0x0800055c   0x00000064   Code   RO         5474    i.CAN_CMD_MOTOR_DJI  bsp_fdcan.o
    0x080005c0   0x080005c0   0x00000084   Code   RO         5941    i.Chart1            pid_model.o
    0x08000644   0x08000644   0x0000000c   Code   RO          590    i.DMA1_Stream0_IRQHandler  stm32h7xx_it.o
    0x08000650   0x08000650   0x0000000c   Code   RO          591    i.DMA1_Stream1_IRQHandler  stm32h7xx_it.o
    0x0800065c   0x0800065c   0x0000000c   Code   RO          592    i.DMA1_Stream2_IRQHandler  stm32h7xx_it.o
    0x08000668   0x08000668   0x0000000c   Code   RO          593    i.DMA1_Stream3_IRQHandler  stm32h7xx_it.o
    0x08000674   0x08000674   0x0000000c   Code   RO          594    i.DMA1_Stream4_IRQHandler  stm32h7xx_it.o
    0x08000680   0x08000680   0x0000000c   Code   RO          595    i.DMA1_Stream5_IRQHandler  stm32h7xx_it.o
    0x0800068c   0x0800068c   0x000000b4   Code   RO         2610    i.DMA_CalcBaseAndBitshift  stm32h7xx_hal_dma.o
    0x08000740   0x08000740   0x0000009c   Code   RO         2611    i.DMA_CalcDMAMUXChannelBaseAndMask  stm32h7xx_hal_dma.o
    0x080007dc   0x080007dc   0x00000074   Code   RO         2612    i.DMA_CalcDMAMUXRequestGenBaseAndMask  stm32h7xx_hal_dma.o
    0x08000850   0x08000850   0x00000054   Code   RO         2613    i.DMA_CheckFifoParam  stm32h7xx_hal_dma.o
    0x080008a4   0x080008a4   0x00000002   Code   RO          596    i.DebugMon_Handler  stm32h7xx_it.o
    0x080008a6   0x080008a6   0x00000006   Code   RO          597    i.EXTI3_IRQHandler  stm32h7xx_it.o
    0x080008ac   0x080008ac   0x00000006   Code   RO          598    i.EXTI4_IRQHandler  stm32h7xx_it.o
    0x080008b2   0x080008b2   0x00000006   Code   RO          599    i.EXTI9_5_IRQHandler  stm32h7xx_it.o
    0x080008b8   0x080008b8   0x00000004   Code   RO           13    i.Error_Handler     main.o
    0x080008bc   0x080008bc   0x0000000c   Code   RO          600    i.FDCAN1_IT0_IRQHandler  stm32h7xx_it.o
    0x080008c8   0x080008c8   0x0000000c   Code   RO          601    i.FDCAN2_IT0_IRQHandler  stm32h7xx_it.o
    0x080008d4   0x080008d4   0x0000000c   Code   RO          602    i.FDCAN2_IT1_IRQHandler  stm32h7xx_it.o
    0x080008e0   0x080008e0   0x0000000c   Code   RO          603    i.FDCAN3_IT0_IRQHandler  stm32h7xx_it.o
    0x080008ec   0x080008ec   0x0000000c   Code   RO          604    i.FDCAN3_IT1_IRQHandler  stm32h7xx_it.o
    0x080008f8   0x080008f8   0x0000001c   Code   RO          605    i.FDCAN_CAL_IRQHandler  stm32h7xx_it.o
    0x08000914   0x08000914   0x000001c8   Code   RO         4251    i.FDCAN_CalcultateRamBlockAddresses  stm32h7xx_hal_fdcan.o
    0x08000adc   0x08000adc   0x00000080   Code   RO         4252    i.FDCAN_CopyMessageToRAM  stm32h7xx_hal_fdcan.o
    0x08000b5c   0x08000b5c   0x00000360   Code   RO         2615    i.HAL_DMA_Abort     stm32h7xx_hal_dma.o
    0x08000ebc   0x08000ebc   0x00000284   Code   RO         2616    i.HAL_DMA_Abort_IT  stm32h7xx_hal_dma.o
    0x08001140   0x08001140   0x000006e8   Code   RO         2620    i.HAL_DMA_IRQHandler  stm32h7xx_hal_dma.o
    0x08001828   0x08001828   0x000003bc   Code   RO         2621    i.HAL_DMA_Init      stm32h7xx_hal_dma.o
    0x08001be4   0x08001be4   0x00000024   Code   RO         3312    i.HAL_Delay         stm32h7xx_hal.o
    0x08001c08   0x08001c08   0x00000088   Code   RO         4254    i.HAL_FDCAN_ActivateNotification  stm32h7xx_hal_fdcan.o
    0x08001c90   0x08001c90   0x00000066   Code   RO         4256    i.HAL_FDCAN_AddMessageToTxFifoQ  stm32h7xx_hal_fdcan.o
    0x08001cf6   0x08001cf6   0x00000002   Code   RO         4257    i.HAL_FDCAN_ClockCalibrationCallback  stm32h7xx_hal_fdcan.o
    0x08001cf8   0x08001cf8   0x0000005a   Code   RO         4260    i.HAL_FDCAN_ConfigFifoWatermark  stm32h7xx_hal_fdcan.o
    0x08001d52   0x08001d52   0x0000007e   Code   RO         4261    i.HAL_FDCAN_ConfigFilter  stm32h7xx_hal_fdcan.o
    0x08001dd0   0x08001dd0   0x00000032   Code   RO         4262    i.HAL_FDCAN_ConfigGlobalFilter  stm32h7xx_hal_fdcan.o
    0x08001e02   0x08001e02   0x00000002   Code   RO         4283    i.HAL_FDCAN_ErrorCallback  stm32h7xx_hal_fdcan.o
    0x08001e04   0x08001e04   0x00000002   Code   RO         4284    i.HAL_FDCAN_ErrorStatusCallback  stm32h7xx_hal_fdcan.o
    0x08001e06   0x08001e06   0x00000002   PAD
    0x08001e08   0x08001e08   0x00000194   Code   RO         4295    i.HAL_FDCAN_GetRxMessage  stm32h7xx_hal_fdcan.o
    0x08001f9c   0x08001f9c   0x00000002   Code   RO         4301    i.HAL_FDCAN_HighPriorityMessageCallback  stm32h7xx_hal_fdcan.o
    0x08001f9e   0x08001f9e   0x00000002   PAD
    0x08001fa0   0x08001fa0   0x00000320   Code   RO         4302    i.HAL_FDCAN_IRQHandler  stm32h7xx_hal_fdcan.o
    0x080022c0   0x080022c0   0x00000244   Code   RO         4303    i.HAL_FDCAN_Init    stm32h7xx_hal_fdcan.o
    0x08002504   0x08002504   0x000001cc   Code   RO          409    i.HAL_FDCAN_MspInit  fdcan.o
    0x080026d0   0x080026d0   0x00000002   Code   RO         4312    i.HAL_FDCAN_RxBufferNewMessageCallback  stm32h7xx_hal_fdcan.o
    0x080026d2   0x080026d2   0x00000002   PAD
    0x080026d4   0x080026d4   0x00000030   Code   RO         5475    i.HAL_FDCAN_RxFifo0Callback  bsp_fdcan.o
    0x08002704   0x08002704   0x00000002   Code   RO         4314    i.HAL_FDCAN_RxFifo1Callback  stm32h7xx_hal_fdcan.o
    0x08002706   0x08002706   0x00000032   Code   RO         4315    i.HAL_FDCAN_Start   stm32h7xx_hal_fdcan.o
    0x08002738   0x08002738   0x00000002   Code   RO         4337    i.HAL_FDCAN_TT_GlobalTimeCallback  stm32h7xx_hal_fdcan.o
    0x0800273a   0x0800273a   0x00000002   Code   RO         4338    i.HAL_FDCAN_TT_ScheduleSyncCallback  stm32h7xx_hal_fdcan.o
    0x0800273c   0x0800273c   0x00000002   Code   RO         4343    i.HAL_FDCAN_TT_StopWatchCallback  stm32h7xx_hal_fdcan.o
    0x0800273e   0x0800273e   0x00000002   Code   RO         4344    i.HAL_FDCAN_TT_TimeMarkCallback  stm32h7xx_hal_fdcan.o
    0x08002740   0x08002740   0x00000002   Code   RO         4345    i.HAL_FDCAN_TimeoutOccurredCallback  stm32h7xx_hal_fdcan.o
    0x08002742   0x08002742   0x00000002   Code   RO         4346    i.HAL_FDCAN_TimestampWraparoundCallback  stm32h7xx_hal_fdcan.o
    0x08002744   0x08002744   0x00000002   Code   RO         4347    i.HAL_FDCAN_TxBufferAbortCallback  stm32h7xx_hal_fdcan.o
    0x08002746   0x08002746   0x00000002   Code   RO         4348    i.HAL_FDCAN_TxBufferCompleteCallback  stm32h7xx_hal_fdcan.o
    0x08002748   0x08002748   0x00000002   Code   RO         4349    i.HAL_FDCAN_TxEventFifoCallback  stm32h7xx_hal_fdcan.o
    0x0800274a   0x0800274a   0x00000002   Code   RO         4350    i.HAL_FDCAN_TxFifoEmptyCallback  stm32h7xx_hal_fdcan.o
    0x0800274c   0x0800274c   0x00000160   Code   RO         2460    i.HAL_GPIO_DeInit   stm32h7xx_hal_gpio.o
    0x080028ac   0x080028ac   0x0000005c   Code   RO          296    i.HAL_GPIO_EXTI_Callback  gpio.o
    0x08002908   0x08002908   0x00000018   Code   RO         2462    i.HAL_GPIO_EXTI_IRQHandler  stm32h7xx_hal_gpio.o
    0x08002920   0x08002920   0x0000021c   Code   RO         2463    i.HAL_GPIO_Init     stm32h7xx_hal_gpio.o
    0x08002b3c   0x08002b3c   0x0000000a   Code   RO         2465    i.HAL_GPIO_ReadPin  stm32h7xx_hal_gpio.o
    0x08002b46   0x08002b46   0x00000010   Code   RO         2466    i.HAL_GPIO_TogglePin  stm32h7xx_hal_gpio.o
    0x08002b56   0x08002b56   0x0000000a   Code   RO         2467    i.HAL_GPIO_WritePin  stm32h7xx_hal_gpio.o
    0x08002b60   0x08002b60   0x0000000c   Code   RO         3328    i.HAL_GetTick       stm32h7xx_hal.o
    0x08002b6c   0x08002b6c   0x00000066   Code   RO         4869    i.HAL_IWDG_Init     stm32h7xx_hal_iwdg.o
    0x08002bd2   0x08002bd2   0x0000000c   Code   RO         4870    i.HAL_IWDG_Refresh  stm32h7xx_hal_iwdg.o
    0x08002bde   0x08002bde   0x00000002   PAD
    0x08002be0   0x08002be0   0x00000010   Code   RO         3334    i.HAL_IncTick       stm32h7xx_hal.o
    0x08002bf0   0x08002bf0   0x0000005c   Code   RO         3335    i.HAL_Init          stm32h7xx_hal.o
    0x08002c4c   0x08002c4c   0x00000084   Code   RO          791    i.HAL_InitTick      stm32h7xx_hal_timebase_tim.o
    0x08002cd0   0x08002cd0   0x0000005c   Code   RO         1850    i.HAL_MPU_ConfigRegion  stm32h7xx_hal_cortex.o
    0x08002d2c   0x08002d2c   0x0000001c   Code   RO         1851    i.HAL_MPU_Disable   stm32h7xx_hal_cortex.o
    0x08002d48   0x08002d48   0x00000024   Code   RO         1852    i.HAL_MPU_Enable    stm32h7xx_hal_cortex.o
    0x08002d6c   0x08002d6c   0x00000024   Code   RO          767    i.HAL_MspInit       stm32h7xx_hal_msp.o
    0x08002d90   0x08002d90   0x0000001a   Code   RO         1855    i.HAL_NVIC_EnableIRQ  stm32h7xx_hal_cortex.o
    0x08002daa   0x08002daa   0x00000002   PAD
    0x08002dac   0x08002dac   0x00000040   Code   RO         1861    i.HAL_NVIC_SetPriority  stm32h7xx_hal_cortex.o
    0x08002dec   0x08002dec   0x00000024   Code   RO         1862    i.HAL_NVIC_SetPriorityGrouping  stm32h7xx_hal_cortex.o
    0x08002e10   0x08002e10   0x00000054   Code   RO         3064    i.HAL_PWREx_ConfigSupply  stm32h7xx_hal_pwr_ex.o
    0x08002e64   0x08002e64   0x00000024   Code   RO         2106    i.HAL_RCCEx_GetD3PCLK1Freq  stm32h7xx_hal_rcc_ex.o
    0x08002e88   0x08002e88   0x00000144   Code   RO         2108    i.HAL_RCCEx_GetPLL2ClockFreq  stm32h7xx_hal_rcc_ex.o
    0x08002fcc   0x08002fcc   0x00000144   Code   RO         2109    i.HAL_RCCEx_GetPLL3ClockFreq  stm32h7xx_hal_rcc_ex.o
    0x08003110   0x08003110   0x0000093a   Code   RO         2115    i.HAL_RCCEx_PeriphCLKConfig  stm32h7xx_hal_rcc_ex.o
    0x08003a4a   0x08003a4a   0x00000002   PAD
    0x08003a4c   0x08003a4c   0x0000025c   Code   RO         1991    i.HAL_RCC_ClockConfig  stm32h7xx_hal_rcc.o
    0x08003ca8   0x08003ca8   0x0000005c   Code   RO         1995    i.HAL_RCC_GetClockConfig  stm32h7xx_hal_rcc.o
    0x08003d04   0x08003d04   0x00000044   Code   RO         1996    i.HAL_RCC_GetHCLKFreq  stm32h7xx_hal_rcc.o
    0x08003d48   0x08003d48   0x00000024   Code   RO         1998    i.HAL_RCC_GetPCLK1Freq  stm32h7xx_hal_rcc.o
    0x08003d6c   0x08003d6c   0x00000024   Code   RO         1999    i.HAL_RCC_GetPCLK2Freq  stm32h7xx_hal_rcc.o
    0x08003d90   0x08003d90   0x00000138   Code   RO         2000    i.HAL_RCC_GetSysClockFreq  stm32h7xx_hal_rcc.o
    0x08003ec8   0x08003ec8   0x00000526   Code   RO         2003    i.HAL_RCC_OscConfig  stm32h7xx_hal_rcc.o
    0x080043ee   0x080043ee   0x00000002   Code   RO         1546    i.HAL_TIMEx_Break2Callback  stm32h7xx_hal_tim_ex.o
    0x080043f0   0x080043f0   0x00000002   Code   RO         1547    i.HAL_TIMEx_BreakCallback  stm32h7xx_hal_tim_ex.o
    0x080043f2   0x080043f2   0x00000002   Code   RO         1548    i.HAL_TIMEx_CommutCallback  stm32h7xx_hal_tim_ex.o
    0x080043f4   0x080043f4   0x000000b8   Code   RO         1569    i.HAL_TIMEx_MasterConfigSynchronization  stm32h7xx_hal_tim_ex.o
    0x080044ac   0x080044ac   0x00000062   Code   RO          832    i.HAL_TIM_Base_Init  stm32h7xx_hal_tim.o
    0x0800450e   0x0800450e   0x00000002   PAD
    0x08004510   0x08004510   0x0000003c   Code   RO          494    i.HAL_TIM_Base_MspInit  tim.o
    0x0800454c   0x0800454c   0x000000a0   Code   RO          837    i.HAL_TIM_Base_Start_IT  stm32h7xx_hal_tim.o
    0x080045ec   0x080045ec   0x00000002   Code   RO          866    i.HAL_TIM_IC_CaptureCallback  stm32h7xx_hal_tim.o
    0x080045ee   0x080045ee   0x00000182   Code   RO          880    i.HAL_TIM_IRQHandler  stm32h7xx_hal_tim.o
    0x08004770   0x08004770   0x00000002   Code   RO          883    i.HAL_TIM_OC_DelayElapsedCallback  stm32h7xx_hal_tim.o
    0x08004772   0x08004772   0x00000002   Code   RO          910    i.HAL_TIM_PWM_PulseFinishedCallback  stm32h7xx_hal_tim.o
    0x08004774   0x08004774   0x00000194   Code   RO           14    i.HAL_TIM_PeriodElapsedCallback  main.o
    0x08004908   0x08004908   0x00000002   Code   RO          923    i.HAL_TIM_TriggerCallback  stm32h7xx_hal_tim.o
    0x0800490a   0x0800490a   0x00000040   Code   RO         5319    i.HAL_UARTEx_DisableFifoMode  stm32h7xx_hal_uart_ex.o
    0x0800494a   0x0800494a   0x00000002   Code   RO         4908    i.HAL_UARTEx_RxEventCallback  stm32h7xx_hal_uart.o
    0x0800494c   0x0800494c   0x00000002   Code   RO         5327    i.HAL_UARTEx_RxFifoFullCallback  stm32h7xx_hal_uart_ex.o
    0x0800494e   0x0800494e   0x0000004c   Code   RO         5328    i.HAL_UARTEx_SetRxFifoThreshold  stm32h7xx_hal_uart_ex.o
    0x0800499a   0x0800499a   0x0000004c   Code   RO         5329    i.HAL_UARTEx_SetTxFifoThreshold  stm32h7xx_hal_uart_ex.o
    0x080049e6   0x080049e6   0x00000002   Code   RO         5331    i.HAL_UARTEx_TxFifoEmptyCallback  stm32h7xx_hal_uart_ex.o
    0x080049e8   0x080049e8   0x00000002   Code   RO         5332    i.HAL_UARTEx_WakeupCallback  stm32h7xx_hal_uart_ex.o
    0x080049ea   0x080049ea   0x00000002   PAD
    0x080049ec   0x080049ec   0x00000044   Code   RO           15    i.HAL_UART_ErrorCallback  main.o
    0x08004a30   0x08004a30   0x00000388   Code   RO         4927    i.HAL_UART_IRQHandler  stm32h7xx_hal_uart.o
    0x08004db8   0x08004db8   0x0000006a   Code   RO         4928    i.HAL_UART_Init     stm32h7xx_hal_uart.o
    0x08004e22   0x08004e22   0x00000002   PAD
    0x08004e24   0x08004e24   0x000002cc   Code   RO          536    i.HAL_UART_MspInit  usart.o
    0x080050f0   0x080050f0   0x00000048   Code   RO         4933    i.HAL_UART_Receive_IT  stm32h7xx_hal_uart.o
    0x08005138   0x08005138   0x000000cc   Code   RO           16    i.HAL_UART_RxCpltCallback  main.o
    0x08005204   0x08005204   0x00000002   Code   RO         4940    i.HAL_UART_TxCpltCallback  stm32h7xx_hal_uart.o
    0x08005206   0x08005206   0x00000002   Code   RO          606    i.HardFault_Handler  stm32h7xx_it.o
    0x08005208   0x08005208   0x0000007c   Code   RO          384    i.MX_DMA_Init       dma.o
    0x08005284   0x08005284   0x0000006c   Code   RO          410    i.MX_FDCAN1_Init    fdcan.o
    0x080052f0   0x080052f0   0x00000074   Code   RO          411    i.MX_FDCAN2_Init    fdcan.o
    0x08005364   0x08005364   0x00000074   Code   RO          412    i.MX_FDCAN3_Init    fdcan.o
    0x080053d8   0x080053d8   0x00000030   Code   RO          331    i.MX_FREERTOS_Init  freertos.o
    0x08005408   0x08005408   0x00000108   Code   RO          297    i.MX_GPIO_Init      gpio.o
    0x08005510   0x08005510   0x0000002c   Code   RO          463    i.MX_IWDG1_Init     iwdg.o
    0x0800553c   0x0800553c   0x00000048   Code   RO          495    i.MX_TIM6_Init      tim.o
    0x08005584   0x08005584   0x00000068   Code   RO          537    i.MX_UART7_Init     usart.o
    0x080055ec   0x080055ec   0x00000068   Code   RO          538    i.MX_USART2_UART_Init  usart.o
    0x08005654   0x08005654   0x00000068   Code   RO          539    i.MX_USART3_UART_Init  usart.o
    0x080056bc   0x080056bc   0x00000002   Code   RO          607    i.MemManage_Handler  stm32h7xx_it.o
    0x080056be   0x080056be   0x00000002   Code   RO          608    i.NMI_Handler       stm32h7xx_it.o
    0x080056c0   0x080056c0   0x00000178   Code   RO         5834    i.PID_Angle_A_Para_Init  motorctrl.o
    0x08005838   0x08005838   0x00000178   Code   RO         5835    i.PID_Angle_S_Para_Init  motorctrl.o
    0x080059b0   0x080059b0   0x000001cc   Code   RO         5942    i.PID_MODEL_initialize  pid_model.o
    0x08005b7c   0x08005b7c   0x0000476c   Code   RO         5943    i.PID_MODEL_step    pid_model.o
    0x0800a2e8   0x0800a2e8   0x00000178   Code   RO         5836    i.PID_Speed_Para_Init  motorctrl.o
    0x0800a460   0x0800a460   0x00000120   Code   RO         2118    i.RCCEx_PLL2_Config  stm32h7xx_hal_rcc_ex.o
    0x0800a580   0x0800a580   0x00000120   Code   RO         2119    i.RCCEx_PLL3_Config  stm32h7xx_hal_rcc_ex.o
    0x0800a6a0   0x0800a6a0   0x00000274   Code   RO         5989    i.Reach_TGT         upper_location.o
    0x0800a914   0x0800a914   0x00000058   Code   RO         5990    i.Receive           upper_location.o
    0x0800a96c   0x0800a96c   0x0000000c   Code   RO         5476    i.Set_6020_Mode     bsp_fdcan.o
    0x0800a978   0x0800a978   0x00000018   Code   RO          332    i.StartRunBallTask  freertos.o
    0x0800a990   0x0800a990   0x0000001a   Code   RO         7269    i.SysTick_Handler   cmsis_os2.o
    0x0800a9aa   0x0800a9aa   0x00000002   PAD
    0x0800a9ac   0x0800a9ac   0x0000009c   Code   RO           17    i.SystemClock_Config  main.o
    0x0800aa48   0x0800aa48   0x000000c0   Code   RO         5438    i.SystemInit        system_stm32h7xx.o
    0x0800ab08   0x0800ab08   0x0000000c   Code   RO          609    i.TIM1_UP_IRQHandler  stm32h7xx_it.o
    0x0800ab14   0x0800ab14   0x0000000c   Code   RO          610    i.TIM6_DAC_IRQHandler  stm32h7xx_it.o
    0x0800ab20   0x0800ab20   0x000000d8   Code   RO          925    i.TIM_Base_SetConfig  stm32h7xx_hal_tim.o
    0x0800abf8   0x0800abf8   0x0000000c   Code   RO          611    i.UART7_IRQHandler  stm32h7xx_it.o
    0x0800ac04   0x0800ac04   0x00000044   Code   RO         5333    i.UARTEx_SetNbDataToProcess  stm32h7xx_hal_uart_ex.o
    0x0800ac48   0x0800ac48   0x000000c8   Code   RO         4942    i.UART_AdvFeatureConfig  stm32h7xx_hal_uart.o
    0x0800ad10   0x0800ad10   0x000000aa   Code   RO         4943    i.UART_CheckIdleState  stm32h7xx_hal_uart.o
    0x0800adba   0x0800adba   0x00000014   Code   RO         4944    i.UART_DMAAbortOnError  stm32h7xx_hal_uart.o
    0x0800adce   0x0800adce   0x00000002   PAD
    0x0800add0   0x0800add0   0x00000054   Code   RO         4954    i.UART_EndRxTransfer  stm32h7xx_hal_uart.o
    0x0800ae24   0x0800ae24   0x000000c8   Code   RO         4956    i.UART_RxISR_16BIT  stm32h7xx_hal_uart.o
    0x0800aeec   0x0800aeec   0x000001a0   Code   RO         4957    i.UART_RxISR_16BIT_FIFOEN  stm32h7xx_hal_uart.o
    0x0800b08c   0x0800b08c   0x000000c8   Code   RO         4958    i.UART_RxISR_8BIT   stm32h7xx_hal_uart.o
    0x0800b154   0x0800b154   0x000001a0   Code   RO         4959    i.UART_RxISR_8BIT_FIFOEN  stm32h7xx_hal_uart.o
    0x0800b2f4   0x0800b2f4   0x000003dc   Code   RO         4960    i.UART_SetConfig    stm32h7xx_hal_uart.o
    0x0800b6d0   0x0800b6d0   0x00000110   Code   RO         4962    i.UART_Start_Receive_IT  stm32h7xx_hal_uart.o
    0x0800b7e0   0x0800b7e0   0x0000008c   Code   RO         4967    i.UART_WaitOnFlagUntilTimeout  stm32h7xx_hal_uart.o
    0x0800b86c   0x0800b86c   0x0000000c   Code   RO          612    i.USART2_IRQHandler  stm32h7xx_it.o
    0x0800b878   0x0800b878   0x0000000c   Code   RO          613    i.USART3_IRQHandler  stm32h7xx_it.o
    0x0800b884   0x0800b884   0x00000002   Code   RO          614    i.UsageFault_Handler  stm32h7xx_it.o
    0x0800b886   0x0800b886   0x00000030   Code   RO         8026    i.__ARM_fpclassify  m_wv.l(fpclassify.o)
    0x0800b8b6   0x0800b8b6   0x00000022   Code   RO         1868    i.__NVIC_SetPriority  stm32h7xx_hal_cortex.o
    0x0800b8d8   0x0800b8d8   0x00000200   Code   RO         7989    i.__hardfp_atan     m_wv.l(atan.o)
    0x0800bad8   0x0800bad8   0x000001c8   Code   RO         7914    i.__hardfp_atan2    m_wv.l(atan2.o)
    0x0800bca0   0x0800bca0   0x000000b0   Code   RO         7926    i.__hardfp_cos      m_wv.l(cos.o)
    0x0800bd50   0x0800bd50   0x000008f8   Code   RO         7938    i.__hardfp_pow      m_wv.l(pow.o)
    0x0800c648   0x0800c648   0x000000b0   Code   RO         7952    i.__hardfp_sin      m_wv.l(sin.o)
    0x0800c6f8   0x0800c6f8   0x00000066   Code   RO         7964    i.__hardfp_sqrt     m_wv.l(sqrt.o)
    0x0800c75e   0x0800c75e   0x00000002   PAD
    0x0800c760   0x0800c760   0x00000310   Code   RO         8031    i.__ieee754_rem_pio2  m_wv.l(rred.o)
    0x0800ca70   0x0800ca70   0x000000e0   Code   RO         8003    i.__kernel_cos      m_wv.l(cos_i.o)
    0x0800cb50   0x0800cb50   0x00000070   Code   RO         8028    i.__kernel_poly     m_wv.l(poly.o)
    0x0800cbc0   0x0800cbc0   0x000000a8   Code   RO         8036    i.__kernel_sin      m_wv.l(sin_i.o)
    0x0800cc68   0x0800cc68   0x00000020   Code   RO         8006    i.__mathlib_dbl_divzero  m_wv.l(dunder.o)
    0x0800cc88   0x0800cc88   0x00000006   Code   RO         8007    i.__mathlib_dbl_infnan  m_wv.l(dunder.o)
    0x0800cc8e   0x0800cc8e   0x00000006   Code   RO         8008    i.__mathlib_dbl_infnan2  m_wv.l(dunder.o)
    0x0800cc94   0x0800cc94   0x00000004   PAD
    0x0800cc98   0x0800cc98   0x00000018   Code   RO         8009    i.__mathlib_dbl_invalid  m_wv.l(dunder.o)
    0x0800ccb0   0x0800ccb0   0x00000018   Code   RO         8010    i.__mathlib_dbl_overflow  m_wv.l(dunder.o)
    0x0800ccc8   0x0800ccc8   0x00000018   Code   RO         8012    i.__mathlib_dbl_underflow  m_wv.l(dunder.o)
    0x0800cce0   0x0800cce0   0x0000000e   Code   RO         8076    i.__scatterload_copy  mc_w.l(handlers.o)
    0x0800ccee   0x0800ccee   0x00000002   Code   RO         8077    i.__scatterload_null  mc_w.l(handlers.o)
    0x0800ccf0   0x0800ccf0   0x0000000e   Code   RO         8078    i.__scatterload_zeroinit  mc_w.l(handlers.o)
    0x0800ccfe   0x0800ccfe   0x00000002   PAD
    0x0800cd00   0x0800cd00   0x0000000c   Code   RO         8064    i.__set_errno       mc_w.l(errno.o)
    0x0800cd0c   0x0800cd0c   0x000003a0   Code   RO         5837    i.assign_output     motorctrl.o
    0x0800d0ac   0x0800d0ac   0x00000010   Code   RO         7991    i.atan              m_wv.l(atan.o)
    0x0800d0bc   0x0800d0bc   0x00000048   Code   RO         5477    i.bsp_can_init      bsp_fdcan.o
    0x0800d104   0x0800d104   0x00000190   Code   RO         5838    i.cala_d            motorctrl.o
    0x0800d294   0x0800d294   0x00000088   Code   RO         5478    i.can_filter_init   bsp_fdcan.o
    0x0800d31c   0x0800d31c   0x000000dc   Code   RO         5991    i.chassis_control   upper_location.o
    0x0800d3f8   0x0800d3f8   0x00000026   Code   RO         5623    i.circle_cc         dm_motor_ctrl.o
    0x0800d41e   0x0800d41e   0x00000002   PAD
    0x0800d420   0x0800d420   0x00000770   Code   RO         5839    i.ctrlmotor         motorctrl.o
    0x0800db90   0x0800db90   0x0000005a   Code   RO         5701    i.dm_motor_ctrl_send  dm_motor_drv.o
    0x0800dbea   0x0800dbea   0x00000002   PAD
    0x0800dbec   0x0800dbec   0x00000038   Code   RO         5703    i.dm_motor_enable   dm_motor_drv.o
    0x0800dc24   0x0800dc24   0x0000008e   Code   RO         5704    i.dm_motor_fbdata   dm_motor_drv.o
    0x0800dcb2   0x0800dcb2   0x00000002   PAD
    0x0800dcb4   0x0800dcb4   0x000000fc   Code   RO         5624    i.dm_motor_init     dm_motor_ctrl.o
    0x0800ddb0   0x0800ddb0   0x00000034   Code   RO         5705    i.enable_motor_mode  dm_motor_drv.o
    0x0800dde4   0x0800dde4   0x00000018   Code   RO         8022    i.fabs              m_wv.l(fabs.o)
    0x0800ddfc   0x0800ddfc   0x000000c8   Code   RO         5625    i.fdcan1_rx_callback  dm_motor_ctrl.o
    0x0800dec4   0x0800dec4   0x000000c8   Code   RO         5626    i.fdcan2_rx_callback  dm_motor_ctrl.o
    0x0800df8c   0x0800df8c   0x000000c8   Code   RO         5627    i.fdcan3_rx_callback  dm_motor_ctrl.o
    0x0800e054   0x0800e054   0x00000062   Code   RO         5482    i.fdcanx_receive    bsp_fdcan.o
    0x0800e0b6   0x0800e0b6   0x00000002   PAD
    0x0800e0b8   0x0800e0b8   0x00000080   Code   RO         5483    i.fdcanx_send_data  bsp_fdcan.o
    0x0800e138   0x0800e138   0x00000028   Code   RO         5706    i.float_to_uint     dm_motor_drv.o
    0x0800e160   0x0800e160   0x0000050a   Code   RO         5840    i.get_msgn          motorctrl.o
    0x0800e66a   0x0800e66a   0x00000002   PAD
    0x0800e66c   0x0800e66c   0x000003dc   Code   RO           18    i.main              main.o
    0x0800ea48   0x0800ea48   0x000000c8   Code   RO         5707    i.mit_ctrl          dm_motor_drv.o
    0x0800eb10   0x0800eb10   0x00000070   Code   RO         5487    i.motor_state_update  bsp_fdcan.o
    0x0800eb80   0x0800eb80   0x0000001c   Code   RO         7271    i.osDelay           cmsis_os2.o
    0x0800eb9c   0x0800eb9c   0x00000024   Code   RO         7285    i.osKernelInitialize  cmsis_os2.o
    0x0800ebc0   0x0800ebc0   0x00000038   Code   RO         7288    i.osKernelStart     cmsis_os2.o
    0x0800ebf8   0x0800ebf8   0x00000090   Code   RO         7330    i.osThreadNew       cmsis_os2.o
    0x0800ec88   0x0800ec88   0x0000004c   Code   RO         5708    i.pos_ctrl          dm_motor_drv.o
    0x0800ecd4   0x0800ecd4   0x0000005c   Code   RO         6730    i.prvAddCurrentTaskToDelayedList  tasks.o
    0x0800ed30   0x0800ed30   0x000000d0   Code   RO         6731    i.prvAddNewTaskToReadyList  tasks.o
    0x0800ee00   0x0800ee00   0x00000058   Code   RO         7095    i.prvCheckForValidListAndQueue  timers.o
    0x0800ee58   0x0800ee58   0x00000026   Code   RO         6327    i.prvCopyDataFromQueue  queue.o
    0x0800ee7e   0x0800ee7e   0x0000006c   Code   RO         6328    i.prvCopyDataToQueue  queue.o
    0x0800eeea   0x0800eeea   0x00000034   Code   RO         6732    i.prvDeleteTCB      tasks.o
    0x0800ef1e   0x0800ef1e   0x00000002   PAD
    0x0800ef20   0x0800ef20   0x00000050   Code   RO         7782    i.prvHeapInit       heap_4.o
    0x0800ef70   0x0800ef70   0x00000060   Code   RO         6733    i.prvIdleTask       tasks.o
    0x0800efd0   0x0800efd0   0x00000022   Code   RO         6330    i.prvInitialiseNewQueue  queue.o
    0x0800eff2   0x0800eff2   0x000000b0   Code   RO         6734    i.prvInitialiseNewTask  tasks.o
    0x0800f0a2   0x0800f0a2   0x00000002   PAD
    0x0800f0a4   0x0800f0a4   0x0000004c   Code   RO         7783    i.prvInsertBlockIntoFreeList  heap_4.o
    0x0800f0f0   0x0800f0f0   0x0000003c   Code   RO         7097    i.prvInsertTimerInActiveList  timers.o
    0x0800f12c   0x0800f12c   0x0000001c   Code   RO         6331    i.prvIsQueueEmpty   queue.o
    0x0800f148   0x0800f148   0x000000f8   Code   RO         7098    i.prvProcessReceivedCommands  timers.o
    0x0800f240   0x0800f240   0x000000c0   Code   RO         7099    i.prvProcessTimerOrBlockTask  timers.o
    0x0800f300   0x0800f300   0x00000020   Code   RO         6736    i.prvResetNextTaskUnblockTime  tasks.o
    0x0800f320   0x0800f320   0x00000028   Code   RO         7100    i.prvSampleTimeNow  timers.o
    0x0800f348   0x0800f348   0x0000006c   Code   RO         7101    i.prvSwitchTimerLists  timers.o
    0x0800f3b4   0x0800f3b4   0x00000028   Code   RO         7838    i.prvTaskExitError  port.o
    0x0800f3dc   0x0800f3dc   0x00000024   Code   RO         7102    i.prvTimerTask      timers.o
    0x0800f400   0x0800f400   0x0000006a   Code   RO         6332    i.prvUnlockQueue    queue.o
    0x0800f46a   0x0800f46a   0x0000006c   Code   RO         5709    i.psi_ctrl          dm_motor_drv.o
    0x0800f4d6   0x0800f4d6   0x00000002   PAD
    0x0800f4d8   0x0800f4d8   0x000000dc   Code   RO         7784    i.pvPortMalloc      heap_4.o
    0x0800f5b4   0x0800f5b4   0x00000030   Code   RO         7839    i.pxPortInitialiseStack  port.o
    0x0800f5e4   0x0800f5e4   0x000001de   Code   RO         5629    i.receive_motor_data  dm_motor_ctrl.o
    0x0800f7c2   0x0800f7c2   0x00000002   PAD
    0x0800f7c4   0x0800f7c4   0x0000007c   Code   RO         6089    i.runball_Control   runball.o
    0x0800f840   0x0800f840   0x00000020   Code   RO         6090    i.runball_Getkey    runball.o
    0x0800f860   0x0800f860   0x00000020   Code   RO         6091    i.runball_Init      runball.o
    0x0800f880   0x0800f880   0x00000034   Code   RO         6092    i.runball_ready     runball.o
    0x0800f8b4   0x0800f8b4   0x0000010c   Code   RO         5841    i.set_mode          motorctrl.o
    0x0800f9c0   0x0800f9c0   0x0000062c   Code   RO         5842    i.set_reset_status  motorctrl.o
    0x0800ffec   0x0800ffec   0x00000228   Code   RO         5843    i.set_target        motorctrl.o
    0x08010214   0x08010214   0x0000002c   Code   RO         5714    i.spd_ctrl          dm_motor_drv.o
    0x08010240   0x08010240   0x0000006a   Code   RO         7966    i.sqrt              m_wv.l(sqrt.o)
    0x080102aa   0x080102aa   0x0000000c   Code   RO          333    i.start_chassis_task  freertos.o
    0x080102b6   0x080102b6   0x00000028   Code   RO         5715    i.uint_to_float     dm_motor_drv.o
    0x080102de   0x080102de   0x00000002   PAD
    0x080102e0   0x080102e0   0x0000007c   Code   RO         6138    i.update_remotedata  data.o
    0x0801035c   0x0801035c   0x00000026   Code   RO         6287    i.uxListRemove      list.o
    0x08010382   0x08010382   0x00000002   PAD
    0x08010384   0x08010384   0x00000018   Code   RO         7342    i.vApplicationGetIdleTaskMemory  cmsis_os2.o
    0x0801039c   0x0801039c   0x00000018   Code   RO         7343    i.vApplicationGetTimerTaskMemory  cmsis_os2.o
    0x080103b4   0x080103b4   0x00000016   Code   RO         6288    i.vListInitialise   list.o
    0x080103ca   0x080103ca   0x00000006   Code   RO         6289    i.vListInitialiseItem  list.o
    0x080103d0   0x080103d0   0x00000030   Code   RO         6290    i.vListInsert       list.o
    0x08010400   0x08010400   0x00000018   Code   RO         6291    i.vListInsertEnd    list.o
    0x08010418   0x08010418   0x00000040   Code   RO         7841    i.vPortEnterCritical  port.o
    0x08010458   0x08010458   0x00000028   Code   RO         7842    i.vPortExitCritical  port.o
    0x08010480   0x08010480   0x00000064   Code   RO         7785    i.vPortFree         heap_4.o
    0x080104e4   0x080104e4   0x00000024   Code   RO         7843    i.vPortSetupTimerInterrupt  port.o
    0x08010508   0x08010508   0x00000054   Code   RO         7844    i.vPortValidateInterruptPriority  port.o
    0x0801055c   0x0801055c   0x00000028   Code   RO         6338    i.vQueueAddToRegistry  queue.o
    0x08010584   0x08010584   0x00000044   Code   RO         6342    i.vQueueWaitForMessageRestricted  queue.o
    0x080105c8   0x080105c8   0x0000004c   Code   RO         6749    i.vTaskDelay        tasks.o
    0x08010614   0x08010614   0x00000010   Code   RO         6754    i.vTaskInternalSetTimeOutState  tasks.o
    0x08010624   0x08010624   0x0000000c   Code   RO         6755    i.vTaskMissedYield  tasks.o
    0x08010630   0x08010630   0x00000030   Code   RO         6757    i.vTaskPlaceOnEventList  tasks.o
    0x08010660   0x08010660   0x00000038   Code   RO         6758    i.vTaskPlaceOnEventListRestricted  tasks.o
    0x08010698   0x08010698   0x00000088   Code   RO         6766    i.vTaskStartScheduler  tasks.o
    0x08010720   0x08010720   0x00000010   Code   RO         6768    i.vTaskSuspendAll   tasks.o
    0x08010730   0x08010730   0x00000064   Code   RO         6769    i.vTaskSwitchContext  tasks.o
    0x08010794   0x08010794   0x000000f4   Code   RO         7845    i.xPortStartScheduler  port.o
    0x08010888   0x08010888   0x0000002c   Code   RO         7846    i.xPortSysTickHandler  port.o
    0x080108b4   0x080108b4   0x00000066   Code   RO         6348    i.xQueueGenericCreateStatic  queue.o
    0x0801091a   0x0801091a   0x00000002   PAD
    0x0801091c   0x0801091c   0x00000094   Code   RO         6349    i.xQueueGenericReset  queue.o
    0x080109b0   0x080109b0   0x00000160   Code   RO         6350    i.xQueueGenericSend  queue.o
    0x08010b10   0x08010b10   0x000000be   Code   RO         6351    i.xQueueGenericSendFromISR  queue.o
    0x08010bce   0x08010bce   0x00000002   PAD
    0x08010bd0   0x08010bd0   0x0000013c   Code   RO         6360    i.xQueueReceive     queue.o
    0x08010d0c   0x08010d0c   0x00000078   Code   RO         6771    i.xTaskCheckForTimeOut  tasks.o
    0x08010d84   0x08010d84   0x0000005a   Code   RO         6772    i.xTaskCreate       tasks.o
    0x08010dde   0x08010dde   0x00000056   Code   RO         6773    i.xTaskCreateStatic  tasks.o
    0x08010e34   0x08010e34   0x0000001c   Code   RO         6777    i.xTaskGetSchedulerState  tasks.o
    0x08010e50   0x08010e50   0x0000000c   Code   RO         6778    i.xTaskGetTickCount  tasks.o
    0x08010e5c   0x08010e5c   0x000000c8   Code   RO         6780    i.xTaskIncrementTick  tasks.o
    0x08010f24   0x08010f24   0x0000007c   Code   RO         6783    i.xTaskPriorityDisinherit  tasks.o
    0x08010fa0   0x08010fa0   0x00000070   Code   RO         6785    i.xTaskRemoveFromEventList  tasks.o
    0x08011010   0x08011010   0x000000c4   Code   RO         6786    i.xTaskResumeAll    tasks.o
    0x080110d4   0x080110d4   0x00000060   Code   RO         7111    i.xTimerCreateTimerTask  timers.o
    0x08011134   0x08011134   0x00000068   Code   RO         7112    i.xTimerGenericCommand  timers.o
    0x0801119c   0x0801119c   0x00000048   Data   RO          334    .constdata          freertos.o
    0x080111e4   0x080111e4   0x00000008   Data   RO         2627    .constdata          stm32h7xx_hal_dma.o
    0x080111ec   0x080111ec   0x0000005c   Data   RO         4351    .constdata          stm32h7xx_hal_fdcan.o
    0x08011248   0x08011248   0x00000018   Data   RO         4968    .constdata          stm32h7xx_hal_uart.o
    0x08011260   0x08011260   0x00000010   Data   RO         5334    .constdata          stm32h7xx_hal_uart_ex.o
    0x08011270   0x08011270   0x00000010   Data   RO         5439    .constdata          system_stm32h7xx.o
    0x08011280   0x08011280   0x00000088   Data   RO         7941    .constdata          m_wv.l(pow.o)
    0x08011308   0x08011308   0x00000098   Data   RO         7992    .constdata          m_wv.l(atan.o)
    0x080113a0   0x080113a0   0x00000030   Data   RO         8004    .constdata          m_wv.l(cos_i.o)
    0x080113d0   0x080113d0   0x00000008   Data   RO         8030    .constdata          m_wv.l(qnan.o)
    0x080113d8   0x080113d8   0x000000c8   Data   RO         8033    .constdata          m_wv.l(rred.o)
    0x080114a0   0x080114a0   0x00000028   Data   RO         8037    .constdata          m_wv.l(sin_i.o)
    0x080114c8   0x080114c8   0x00000019   Data   RO          335    .conststring        freertos.o
    0x080114e1   0x080114e1   0x00000003   PAD
    0x080114e4   0x080114e4   0x00000020   Data   RO         8074    Region$$Table       anon$$obj.o


    Execution Region RW_IRAM1 (Exec base: 0x20000000, Load base: 0x08011504, Size: 0x00000000, Max: 0x00020000, ABSOLUTE)

    **** No section assigned to this execution region ****


    Execution Region RW_IRAM2 (Exec base: 0x24000000, Load base: 0x08011504, Size: 0x00007058, Max: 0x00050000, ABSOLUTE, COMPRESSED[0x00000058])

    Exec Addr    Load Addr    Size         Type   Attr      Idx    E Section Name        Object

    0x24000000   COMPRESSED   0x00000008   Data   RW           23    .data               main.o
    0x24000008   COMPRESSED   0x00000008   Data   RW          336    .data               freertos.o
    0x24000010   COMPRESSED   0x00000004   Data   RW          414    .data               fdcan.o
    0x24000014   COMPRESSED   0x0000000c   Data   RW         3359    .data               stm32h7xx_hal.o
    0x24000020   COMPRESSED   0x00000008   Data   RW         5440    .data               system_stm32h7xx.o
    0x24000028   COMPRESSED   0x00000009   Data   RW         5489    .data               bsp_fdcan.o
    0x24000031   COMPRESSED   0x00000003   Data   RW         5631    .data               dm_motor_ctrl.o
    0x24000034   COMPRESSED   0x00000004   PAD
    0x24000038   COMPRESSED   0x00000014   Data   RW         5846    .data               motorctrl.o
    0x2400004c   COMPRESSED   0x0000040c   Data   RW         5973    .data               pid_model_data.o
    0x24000458   COMPRESSED   0x00000040   Data   RW         5996    .data               upper_location.o
    0x24000498   COMPRESSED   0x0000001c   Data   RW         6093    .data               runball.o
    0x240004b4   COMPRESSED   0x0000003c   Data   RW         6789    .data               tasks.o
    0x240004f0   COMPRESSED   0x00000014   Data   RW         7120    .data               timers.o
    0x24000504   COMPRESSED   0x00000004   Data   RW         7345    .data               cmsis_os2.o
    0x24000508   COMPRESSED   0x00000020   Data   RW         7791    .data               heap_4.o
    0x24000528   COMPRESSED   0x0000000c   Data   RW         7847    .data               port.o
    0x24000534   COMPRESSED   0x00000004   Data   RW         8065    .data               mc_w.l(errno.o)
    0x24000538        -       0x00000228   Zero   RW           19    .bss                main.o
    0x24000760        -       0x000001e0   Zero   RW          413    .bss                fdcan.o
    0x24000940        -       0x00000010   Zero   RW          464    .bss                iwdg.o
    0x24000950        -       0x0000004c   Zero   RW          496    .bss                tim.o
    0x2400099c        -       0x0000048c   Zero   RW          540    .bss                usart.o
    0x24000e28        -       0x0000004c   Zero   RW          794    .bss                stm32h7xx_hal_timebase_tim.o
    0x24000e74        -       0x00000228   Zero   RW         5488    .bss                bsp_fdcan.o
    0x2400109c        -       0x00000aa0   Zero   RW         5630    .bss                dm_motor_ctrl.o
    0x24001b3c   COMPRESSED   0x00000004   PAD
    0x24001b40        -       0x000001b0   Zero   RW         5844    .bss                motorctrl.o
    0x24001cf0        -       0x00000640   Zero   RW         5944    .bss                pid_model.o
    0x24002330        -       0x00000044   Zero   RW         5992    .bss                upper_location.o
    0x24002374        -       0x00000010   Zero   RW         6139    .bss                data.o
    0x24002384        -       0x00000040   Zero   RW         6364    .bss                queue.o
    0x240023c4        -       0x000004c4   Zero   RW         6788    .bss                tasks.o
    0x24002888        -       0x00000118   Zero   RW         7119    .bss                timers.o
    0x240029a0        -       0x000006b8   Zero   RW         7344    .bss                cmsis_os2.o
    0x24003058        -       0x00003c00   Zero   RW         7790    .bss                heap_4.o
    0x24006c58        -       0x00000400   Zero   RW            1    STACK               startup_stm32h723xx.o


==============================================================================

Image component sizes


      Code (inc. data)   RO Data    RW Data    ZI Data      Debug   Object Name

       706         66          0          9        552       8652   bsp_fdcan.o
       338         22          0          4       1720      72015   cmsis_os2.o
       124          6          0          0         16       1891   data.o
      1368        202          0          3       2720       8304   dm_motor_ctrl.o
       848          8          0          0          0       8409   dm_motor_drv.o
       124          4          0          0          0       1006   dma.o
         0          0          0          0          0      19712   event_groups.o
       800         62          0          4        480       3833   fdcan.o
        84         16         97          8          0       2945   freertos.o
       356         30          0          0          0       2279   gpio.o
       476         24          0         32      15360       5287   heap_4.o
        44          8          0          0         16        801   iwdg.o
       138          0          0          0          0       3978   list.o
      1824        184          0          8        552    1244202   main.o
      8050        372          0         20        432      15290   motorctrl.o
     18876        204          0          0       1600      49725   pid_model.o
         0          0          0       1036          0      19889   pid_model_data.o
       790         84          0         12          0      12189   port.o
      1530         22          0          0         64      18312   queue.o
       240         28          0         28          0       3176   runball.o
        36          8        716          0       1024        880   startup_stm32h723xx.o
       156         32          0         12          0      23298   stm32h7xx_hal.o
       316         28          0          0          0      41552   stm32h7xx_hal_cortex.o
      4768        176          8          0          0      10335   stm32h7xx_hal_dma.o
      2954         50         92          0          0      24596   stm32h7xx_hal_fdcan.o
       952         86          0          0          0       5501   stm32h7xx_hal_gpio.o
       114          0          0          0          0       2179   stm32h7xx_hal_iwdg.o
        36          4          0          0          0       1018   stm32h7xx_hal_msp.o
        84          6          0          0          0        837   stm32h7xx_hal_pwr_ex.o
      2466        110          0          0          0       8213   stm32h7xx_hal_rcc.o
      3622        112          0          0          0       8133   stm32h7xx_hal_rcc_ex.o
       868         84          0          0          0       7453   stm32h7xx_hal_tim.o
       190         38          0          0          0       3508   stm32h7xx_hal_tim_ex.o
       132         22          0          0         76       1699   stm32h7xx_hal_timebase_tim.o
      4192        202         24          0          0      36741   stm32h7xx_hal_uart.o
       290          6         16          0          0       5886   stm32h7xx_hal_uart_ex.o
       250        106          0          0          0      13273   stm32h7xx_it.o
         0          0          0          0          0        440   stream_buffer.o
       192         34         16          8          0       1634   system_stm32h7xx.o
      2084        162          0         60       1220      28256   tasks.o
       132         20          0          0         76       1894   tim.o
       972         84          0         20        280      33047   timers.o
       936         88          0         64         68       4570   upper_location.o
      1028         72          0          0       1164       4330   usart.o

    ----------------------------------------------------------------------
     63536       2872       1004       1332      27424    1771168   Object Totals
         0          0         32          0          0          0   (incl. Generated)
        50          0          3          4          4          0   (incl. Padding)

    ----------------------------------------------------------------------

      Code (inc. data)   RO Data    RW Data    ZI Data      Debug   Library Member Name

       528        110        152          0          0        348   atan.o
       456         64          0          0          0        188   atan2.o
       176         18          0          0          0        156   cos.o
       224         42         48          0          0        184   cos_i.o
       116         60          0          0          0        696   dunder.o
        24          0          0          0          0        124   fabs.o
        48          0          0          0          0        124   fpclassify.o
       112          0          0          0          0        116   poly.o
      2296        304        136          0          0        320   pow.o
         0          0          8          0          0          0   qnan.o
       784        138        200          0          0        172   rred.o
       176         18          0          0          0        160   sin.o
       168         24         40          0          0        196   sin_i.o
       208          0          0          0          0        280   sqrt.o
        86          0          0          0          0          0   __dczerorl2.o
         0          0          0          0          0          0   entry.o
         0          0          0          0          0          0   entry10a.o
         0          0          0          0          0          0   entry11a.o
         4          0          0          0          0          0   entry12b.o
         8          4          0          0          0          0   entry2.o
         4          0          0          0          0          0   entry5.o
         0          0          0          0          0          0   entry7b.o
         0          0          0          0          0          0   entry8b.o
         8          4          0          0          0          0   entry9a.o
        12          6          0          4          0         68   errno.o
        30          0          0          0          0          0   handlers.o
        36          8          0          0          0         68   init.o
         0          0          0          0          0          0   iusefp.o
        30          0          0          0          0         68   llshl.o
        32          0          0          0          0         68   llushr.o
        36          0          0          0          0         68   memcpya.o
        36          0          0          0          0        108   memseta.o
        98          0          0          0          0         92   uldiv.o
        46          0          0          0          0         80   dscalb.o

    ----------------------------------------------------------------------
      5792        800        584          4          0       3684   Library Totals
        10          0          0          0          0          0   (incl. Padding)

    ----------------------------------------------------------------------

      Code (inc. data)   RO Data    RW Data    ZI Data      Debug   Library Name

      5316        778        584          0          0       3064   m_wv.l
       420         22          0          4          0        540   mc_w.l
        46          0          0          0          0         80   mf_w.l

    ----------------------------------------------------------------------
      5792        800        584          4          0       3684   Library Totals

    ----------------------------------------------------------------------

==============================================================================


      Code (inc. data)   RO Data    RW Data    ZI Data      Debug   

     69328       3672       1588       1336      27424    1747628   Grand Totals
     69328       3672       1588         88      27424    1747628   ELF Image Totals (compressed)
     69328       3672       1588         88          0          0   ROM Totals

==============================================================================

    Total RO  Size (Code + RO Data)                70916 (  69.25kB)
    Total RW  Size (RW Data + ZI Data)             28760 (  28.09kB)
    Total ROM Size (Code + RO Data + RW Data)      71004 (  69.34kB)

==============================================================================

